Component: ARM Compiler 5.06 update 7 (build 960) Tool: armlink [4d3601]

==============================================================================

Section Cross References

    startup_stm32f103xe.o(RESET) refers to startup_stm32f103xe.o(STACK) for __initial_sp
    startup_stm32f103xe.o(RESET) refers to startup_stm32f103xe.o(.text) for Reset_Handler
    startup_stm32f103xe.o(RESET) refers to stm32f1xx_it.o(i.NMI_Handler) for NMI_Handler
    startup_stm32f103xe.o(RESET) refers to stm32f1xx_it.o(i.HardFault_Handler) for HardFault_Handler
    startup_stm32f103xe.o(RESET) refers to stm32f1xx_it.o(i.MemManage_Handler) for MemManage_Handler
    startup_stm32f103xe.o(RESET) refers to stm32f1xx_it.o(i.BusFault_Handler) for BusFault_Handler
    startup_stm32f103xe.o(RESET) refers to stm32f1xx_it.o(i.UsageFault_Handler) for UsageFault_Handler
    startup_stm32f103xe.o(RESET) refers to stm32f1xx_it.o(i.SVC_Handler) for SVC_Handler
    startup_stm32f103xe.o(RESET) refers to stm32f1xx_it.o(i.DebugMon_Handler) for DebugMon_Handler
    startup_stm32f103xe.o(RESET) refers to stm32f1xx_it.o(i.PendSV_Handler) for PendSV_Handler
    startup_stm32f103xe.o(RESET) refers to stm32f1xx_it.o(i.SysTick_Handler) for SysTick_Handler
    startup_stm32f103xe.o(RESET) refers to stm32f1xx_it.o(i.USB_HP_CAN1_TX_IRQHandler) for USB_HP_CAN1_TX_IRQHandler
    startup_stm32f103xe.o(RESET) refers to stm32f1xx_it.o(i.USB_LP_CAN1_RX0_IRQHandler) for USB_LP_CAN1_RX0_IRQHandler
    startup_stm32f103xe.o(.text) refers to system_stm32f1xx.o(i.SystemInit) for SystemInit
    startup_stm32f103xe.o(.text) refers to entry.o(.ARM.Collect$$$$00000000) for __main
    p25q80.o(i.BSP_P25Qx_Erase_Block) refers to p25q80.o(i.BSP_P25Qx_WriteEnable) for BSP_P25Qx_WriteEnable
    p25q80.o(i.BSP_P25Qx_Erase_Block) refers to stm32f1xx_hal_gpio.o(i.HAL_GPIO_WritePin) for HAL_GPIO_WritePin
    p25q80.o(i.BSP_P25Qx_Erase_Block) refers to stm32f1xx_hal_spi.o(i.HAL_SPI_Transmit) for HAL_SPI_Transmit
    p25q80.o(i.BSP_P25Qx_Erase_Block) refers to stm32f1xx_hal.o(i.HAL_GetTick) for HAL_GetTick
    p25q80.o(i.BSP_P25Qx_Erase_Block) refers to p25q80.o(i.BSP_P25Qx_GetStatus) for BSP_P25Qx_GetStatus
    p25q80.o(i.BSP_P25Qx_Erase_Block) refers to spi.o(.bss) for hspi1
    p25q80.o(i.BSP_P25Qx_Erase_Chip) refers to p25q80.o(i.BSP_P25Qx_WriteEnable) for BSP_P25Qx_WriteEnable
    p25q80.o(i.BSP_P25Qx_Erase_Chip) refers to stm32f1xx_hal_gpio.o(i.HAL_GPIO_WritePin) for HAL_GPIO_WritePin
    p25q80.o(i.BSP_P25Qx_Erase_Chip) refers to stm32f1xx_hal_spi.o(i.HAL_SPI_Transmit) for HAL_SPI_Transmit
    p25q80.o(i.BSP_P25Qx_Erase_Chip) refers to stm32f1xx_hal.o(i.HAL_GetTick) for HAL_GetTick
    p25q80.o(i.BSP_P25Qx_Erase_Chip) refers to p25q80.o(i.BSP_P25Qx_GetStatus) for BSP_P25Qx_GetStatus
    p25q80.o(i.BSP_P25Qx_Erase_Chip) refers to spi.o(.bss) for hspi1
    p25q80.o(i.BSP_P25Qx_Erase_Sector) refers to p25q80.o(i.BSP_P25Qx_WriteEnable) for BSP_P25Qx_WriteEnable
    p25q80.o(i.BSP_P25Qx_Erase_Sector) refers to stm32f1xx_hal_gpio.o(i.HAL_GPIO_WritePin) for HAL_GPIO_WritePin
    p25q80.o(i.BSP_P25Qx_Erase_Sector) refers to stm32f1xx_hal_spi.o(i.HAL_SPI_Transmit) for HAL_SPI_Transmit
    p25q80.o(i.BSP_P25Qx_Erase_Sector) refers to stm32f1xx_hal.o(i.HAL_GetTick) for HAL_GetTick
    p25q80.o(i.BSP_P25Qx_Erase_Sector) refers to p25q80.o(i.BSP_P25Qx_GetStatus) for BSP_P25Qx_GetStatus
    p25q80.o(i.BSP_P25Qx_Erase_Sector) refers to spi.o(.bss) for hspi1
    p25q80.o(i.BSP_P25Qx_GetStatus) refers to stm32f1xx_hal_gpio.o(i.HAL_GPIO_WritePin) for HAL_GPIO_WritePin
    p25q80.o(i.BSP_P25Qx_GetStatus) refers to stm32f1xx_hal_spi.o(i.HAL_SPI_Transmit) for HAL_SPI_Transmit
    p25q80.o(i.BSP_P25Qx_GetStatus) refers to stm32f1xx_hal_spi.o(i.HAL_SPI_Receive) for HAL_SPI_Receive
    p25q80.o(i.BSP_P25Qx_GetStatus) refers to spi.o(.bss) for hspi1
    p25q80.o(i.BSP_P25Qx_Power_Down) refers to stm32f1xx_hal_gpio.o(i.HAL_GPIO_WritePin) for HAL_GPIO_WritePin
    p25q80.o(i.BSP_P25Qx_Power_Down) refers to stm32f1xx_hal_spi.o(i.HAL_SPI_Transmit) for HAL_SPI_Transmit
    p25q80.o(i.BSP_P25Qx_Power_Down) refers to stm32f1xx_hal.o(i.HAL_GetTick) for HAL_GetTick
    p25q80.o(i.BSP_P25Qx_Power_Down) refers to spi.o(.bss) for hspi1
    p25q80.o(i.BSP_P25Qx_Read) refers to stm32f1xx_hal_gpio.o(i.HAL_GPIO_WritePin) for HAL_GPIO_WritePin
    p25q80.o(i.BSP_P25Qx_Read) refers to stm32f1xx_hal_spi.o(i.HAL_SPI_Transmit) for HAL_SPI_Transmit
    p25q80.o(i.BSP_P25Qx_Read) refers to stm32f1xx_hal_spi.o(i.HAL_SPI_Receive) for HAL_SPI_Receive
    p25q80.o(i.BSP_P25Qx_Read) refers to spi.o(.bss) for hspi1
    p25q80.o(i.BSP_P25Qx_Read_Unique_ID) refers to stm32f1xx_hal_gpio.o(i.HAL_GPIO_WritePin) for HAL_GPIO_WritePin
    p25q80.o(i.BSP_P25Qx_Read_Unique_ID) refers to stm32f1xx_hal_spi.o(i.HAL_SPI_Transmit) for HAL_SPI_Transmit
    p25q80.o(i.BSP_P25Qx_Read_Unique_ID) refers to stm32f1xx_hal_spi.o(i.HAL_SPI_Receive) for HAL_SPI_Receive
    p25q80.o(i.BSP_P25Qx_Read_Unique_ID) refers to spi.o(.bss) for hspi1
[...]
    .data                                    0x20000110   Section       12  stm32f1xx_hal.o(.data)
    .data                                    0x2000011c   Section        4  system_stm32f1xx.o(.data)
    .data                                    0x20000120   Section        8  ff.o(.data)
    Fsid                                     0x20000120   Data           2  ff.o(.data)
    FatFs                                    0x20000124   Data           4  ff.o(.data)
    .data                                    0x20000128   Section        1  usbd_ctlreq.o(.data)
    cfgidx                                   0x20000128   Data           1  usbd_ctlreq.o(.data)
    .data                                    0x2000012c   Section      215  usbd_cdc.o(.data)
    USBD_CDC_DeviceQualifierDesc             0x2000012c   Data          10  usbd_cdc.o(.data)
    .data                                    0x20000204   Section       56  usbd_cdc.o(.data)
    .data                                    0x2000023c   Section        4  stdout.o(.data)
    .bss                                     0x20000240   Section       28  button_app.o(.bss)
    user_button_0                            0x20000240   Data          28  button_app.o(.bss)
    .bss                                     0x2000025c   Section       32  cmd_pro.o(.bss)
    .bss                                     0x2000027c   Section     2048  protocol.o(.bss)
    _protocol_buf                            0x2000027c   Data        2048  protocol.o(.bss)
    .bss                                     0x20000a7c   Section     4144  fatfs.o(.bss)
    .bss                                     0x20001aac   Section       44  fatfs.o(.bss)
    .bss                                     0x20001ad8   Section       88  spi.o(.bss)
    .bss                                     0x20001b30   Section       64  usart.o(.bss)
    .bss                                     0x20001b70   Section      708  usb_device.o(.bss)
    .bss                                     0x20001e34   Section     1164  usbd_conf.o(.bss)
    mem                                      0x20001e34   Data         544  usbd_conf.o(.bss)
    .bss                                     0x200022c0   Section      512  usbd_desc.o(.bss)
    .bss                                     0x200024c0   Section     2048  usbd_cdc_if.o(.bss)
    .bss                                     0x20002cc0   Section       24  ff.o(.bss)
    Files                                    0x20002cc0   Data          24  ff.o(.bss)
    .bss                                     0x20002cd8   Section       12  ff_gen_drv.o(.bss)
    STACK                                    0x20002ce8   Section     1024  startup_stm32f103xe.o(STACK)

    Global Symbols

    Symbol Name                              Value     Ov Type        Size  Object(Section)

    BuildAttributes$$THM_ISAv4$P$D$K$B$S$PE$A:L22UL41UL21$X:L11$S22US41US21$IEEE1$IW$USESV6$~STKCKD$USESV7$~SHL$OSPACE$ROPI$EBA8$MICROLIB$REQ8$PRES8$EABIv2 0x00000000   Number         0  anon$$obj.o ABSOLUTE
    __ARM_use_no_argv                        0x00000000   Number         0  main.o ABSOLUTE
    _printf_a                                0x00000000   Number         0  stubs.o ABSOLUTE
    _printf_c                                0x00000000   Number         0  stubs.o ABSOLUTE
    _printf_charcount                        0x00000000   Number         0  stubs.o ABSOLUTE
    _printf_d                                0x00000000   Number         0  stubs.o ABSOLUTE
    _printf_e                                0x00000000   Number         0  stubs.o ABSOLUTE
    _printf_f                                0x00000000   Number         0  stubs.o ABSOLUTE
    _printf_flags                            0x00000000   Number         0  stubs.o ABSOLUTE
    _printf_fp_dec                           0x00000000   Number         0  stubs.o ABSOLUTE
    _printf_fp_hex                           0x00000000   Number         0  stubs.o ABSOLUTE
    _printf_g                                0x00000000   Number         0  stubs.o ABSOLUTE
    _printf_i                                0x00000000   Number         0  stubs.o ABSOLUTE
    _printf_int_dec                          0x00000000   Number         0  stubs.o ABSOLUTE
    _printf_l                                0x00000000   Number         0  stubs.o ABSOLUTE
    _printf_lc                               0x00000000   Number         0  stubs.o ABSOLUTE
    _printf_ll                               0x00000000   Number         0  stubs.o ABSOLUTE
    _printf_lld                              0x00000000   Number         0  stubs.o ABSOLUTE
    _printf_lli                              0x00000000   Number         0  stubs.o ABSOLUTE
    _printf_llo                              0x00000000   Number         0  stubs.o ABSOLUTE
    _printf_llu                              0x00000000   Number         0  stubs.o ABSOLUTE
    _printf_llx                              0x00000000   Number         0  stubs.o ABSOLUTE
    _printf_longlong_dec                     0x00000000   Number         0  stubs.o ABSOLUTE
    _printf_longlong_hex                     0x00000000   Number         0  stubs.o ABSOLUTE
    _printf_longlong_oct                     0x00000000   Number         0  stubs.o ABSOLUTE
    _printf_ls                               0x00000000   Number         0  stubs.o ABSOLUTE
    _printf_mbtowc                           0x00000000   Number         0  stubs.o ABSOLUTE
    _printf_n                                0x00000000   Number         0  stubs.o ABSOLUTE
    _printf_o                                0x00000000   Number         0  stubs.o ABSOLUTE
    _printf_p                                0x00000000   Number         0  stubs.o ABSOLUTE
    _printf_percent                          0x00000000   Number         0  stubs.o ABSOLUTE
    _printf_pre_padding                      0x00000000   Number         0  stubs.o ABSOLUTE
    _printf_return_value                     0x00000000   Number         0  stubs.o ABSOLUTE
    _printf_s                                0x00000000   Number         0  stubs.o ABSOLUTE
    _printf_sizespec                         0x00000000   Number         0  stubs.o ABSOLUTE
    _printf_str                              0x00000000   Number         0  stubs.o ABSOLUTE
    _printf_truncate_signed                  0x00000000   Number         0  stubs.o ABSOLUTE
    _printf_truncate_unsigned                0x00000000   Number         0  stubs.o ABSOLUTE
    _printf_u                                0x00000000   Number         0  stubs.o ABSOLUTE
    _printf_wc                               0x00000000   Number         0  stubs.o ABSOLUTE
    _printf_wctomb                           0x00000000   Number         0  stubs.o ABSOLUTE
    _printf_widthprec                        0x00000000   Number         0  stubs.o ABSOLUTE
    _printf_x                                0x00000000   Number         0  stubs.o ABSOLUTE
    __arm_fini_                               - Undefined Weak Reference
    __cpp_initialize__aeabi_                  - Undefined Weak Reference
    __cxa_finalize                            - Undefined Weak Reference
    _clock_init                               - Undefined Weak Reference
    _microlib_exit                            - Undefined Weak Reference
    __Vectors_Size                           0x00000130   Number         0  startup_stm32f103xe.o ABSOLUTE
    __Vectors                                0x08000000   Data           4  startup_stm32f103xe.o(RESET)
    __Vectors_End                            0x08000130   Data           0  startup_stm32f103xe.o(RESET)
    __main                                   0x08000131   Thumb Code     0  entry.o(.ARM.Collect$$$$00000000)
    _main_stk                                0x08000131   Thumb Code     0  entry2.o(.ARM.Collect$$$$00000001)
    _main_scatterload                        0x08000135   Thumb Code     0  entry5.o(.ARM.Collect$$$$00000004)
    __main_after_scatterload                 0x08000139   Thumb Code     0  entry5.o(.ARM.Collect$$$$00000004)
    _main_clock                              0x08000139   Thumb Code     0  entry7b.o(.ARM.Collect$$$$00000008)
    _main_cpp_init                           0x08000139   Thumb Code     0  entry8b.o(.ARM.Collect$$$$0000000A)
    _main_init                               0x08000139   Thumb Code     0  entry9a.o(.ARM.Collect$$$$0000000B)
    __rt_lib_shutdown_fini                   0x08000141   Thumb Code     0  entry12b.o(.ARM.Collect$$$$0000000E)
    __rt_final_cpp                           0x08000145   Thumb Code     0  entry10a.o(.ARM.Collect$$$$0000000F)
    __rt_final_exit                          0x08000145   Thumb Code     0  entry11a.o(.ARM.Collect$$$$00000011)
    Reset_Handler                            0x08000149   Thumb Code     8  startup_stm32f103xe.o(.text)
    ADC1_2_IRQHandler                        0x08000163   Thumb Code     0  startup_stm32f103xe.o(.text)
    ADC3_IRQHandler                          0x08000163   Thumb Code     0  startup_stm32f103xe.o(.text)
    CAN1_RX1_IRQHandler                      0x08000163   Thumb Code     0  startup_stm32f103xe.o(.text)
    CAN1_SCE_IRQHandler                      0x08000163   Thumb Code     0  startup_stm32f103xe.o(.text)
    DMA1_Channel1_IRQHandler                 0x08000163   Thumb Code     0  startup_stm32f103xe.o(.text)
    DMA1_Channel2_IRQHandler                 0x08000163   Thumb Code     0  startup_stm32f103xe.o(.text)
    DMA1_Channel3_IRQHandler                 0x08000163   Thumb Code     0  startup_stm32f103xe.o(.text)
    DMA1_Channel4_IRQHandler                 0x08000163   Thumb Code     0  startup_stm32f103xe.o(.text)
    DMA1_Channel5_IRQHandler                 0x08000163   Thumb Code     0  startup_stm32f103xe.o(.text)
    DMA1_Channel6_IRQHandler                 0x08000163   Thumb Code     0  startup_stm32f103xe.o(.text)
    DMA1_Channel7_IRQHandler                 0x08000163   Thumb Code     0  startup_stm32f103xe.o(.text)
    DMA2_Channel1_IRQHandler                 0x08000163   Thumb Code     0  startup_stm32f103xe.o(.text)
    DMA2_Channel2_IRQHandler                 0x08000163   Thumb Code     0  startup_stm32f103xe.o(.text)
    DMA2_Channel3_IRQHandler                 0x08000163   Thumb Code     0  startup_stm32f103xe.o(.text)
    DMA2_Channel4_5_IRQHandler               0x08000163   Thumb Code     0  startup_stm32f103xe.o(.text)
    EXTI0_IRQHandler                         0x08000163   Thumb Code     0  startup_stm32f103xe.o(.text)
    EXTI15_10_IRQHandler                     0x08000163   Thumb Code     0  startup_stm32f103xe.o(.text)
    EXTI1_IRQHandler                         0x08000163   Thumb Code     0  startup_stm32f103xe.o(.text)
    EXTI2_IRQHandler                         0x08000163   Thumb Code     0  startup_stm32f103xe.o(.text)
    EXTI3_IRQHandler                         0x08000163   Thumb Code     0  startup_stm32f103xe.o(.text)
    EXTI4_IRQHandler                         0x08000163   Thumb Code     0  startup_stm32f103xe.o(.text)
    EXTI9_5_IRQHandler                       0x08000163   Thumb Code     0  startup_stm32f103xe.o(.text)
    FLASH_IRQHandler                         0x08000163   Thumb Code     0  startup_stm32f103xe.o(.text)
    FSMC_IRQHandler                          0x08000163   Thumb Code     0  startup_stm32f103xe.o(.text)
    I2C1_ER_IRQHandler                       0x08000163   Thumb Code     0  startup_stm32f103xe.o(.text)
    I2C1_EV_IRQHandler                       0x08000163   Thumb Code     0  startup_stm32f103xe.o(.text)
    I2C2_ER_IRQHandler                       0x08000163   Thumb Code     0  startup_stm32f103xe.o(.text)
    I2C2_EV_IRQHandler                       0x08000163   Thumb Code     0  startup_stm32f103xe.o(.text)
    PVD_IRQHandler                           0x08000163   Thumb Code     0  startup_stm32f103xe.o(.text)
    RCC_IRQHandler                           0x08000163   Thumb Code     0  startup_stm32f103xe.o(.text)
    RTC_Alarm_IRQHandler                     0x08000163   Thumb Code     0  startup_stm32f103xe.o(.text)
    RTC_IRQHandler                           0x08000163   Thumb Code     0  startup_stm32f103xe.o(.text)
    SDIO_IRQHandler                          0x08000163   Thumb Code     0  startup_stm32f103xe.o(.text)
    SPI1_IRQHandler                          0x08000163   Thumb Code     0  startup_stm32f103xe.o(.text)
    SPI2_IRQHandler                          0x08000163   Thumb Code     0  startup_stm32f103xe.o(.text)
    SPI3_IRQHandler                          0x08000163   Thumb Code     0  startup_stm32f103xe.o(.text)
    TAMPER_IRQHandler                        0x08000163   Thumb Code     0  startup_stm32f103xe.o(.text)
    TIM1_BRK_IRQHandler                      0x08000163   Thumb Code     0  startup_stm32f103xe.o(.text)
    TIM1_CC_IRQHandler                       0x08000163   Thumb Code     0  startup_stm32f103xe.o(.text)
    TIM1_TRG_COM_IRQHandler                  0x08000163   Thumb Code     0  startup_stm32f103xe.o(.text)
    TIM1_UP_IRQHandler                       0x08000163   Thumb Code     0  startup_stm32f103xe.o(.text)
    TIM2_IRQHandler                          0x08000163   Thumb Code     0  startup_stm32f103xe.o(.text)
    TIM3_IRQHandler                          0x08000163   Thumb Code     0  startup_stm32f103xe.o(.text)
    TIM4_IRQHandler                          0x08000163   Thumb Code     0  startup_stm32f103xe.o(.text)
    TIM5_IRQHandler                          0x08000163   Thumb Code     0  startup_stm32f103xe.o(.text)
    TIM6_IRQHandler                          0x08000163   Thumb Code     0  startup_stm32f103xe.o(.text)
    TIM7_IRQHandler                          0x08000163   Thumb Code     0  startup_stm32f103xe.o(.text)
    TIM8_BRK_IRQHandler                      0x08000163   Thumb Code     0  startup_stm32f103xe.o(.text)
    TIM8_CC_IRQHandler                       0x08000163   Thumb Code     0  startup_stm32f103xe.o(.text)
    TIM8_TRG_COM_IRQHandler                  0x08000163   Thumb Code     0  startup_stm32f103xe.o(.text)
    TIM8_UP_IRQHandler                       0x08000163   Thumb Code     0  startup_stm32f103xe.o(.text)
    UART4_IRQHandler                         0x08000163   Thumb Code     0  startup_stm32f103xe.o(.text)
    UART5_IRQHandler                         0x08000163   Thumb Code     0  startup_stm32f103xe.o(.text)
    USART1_IRQHandler                        0x08000163   Thumb Code     0  startup_stm32f103xe.o(.text)
    USART2_IRQHandler                        0x08000163   Thumb Code     0  startup_stm32f103xe.o(.text)
    USART3_IRQHandler                        0x08000163   Thumb Code     0  startup_stm32f103xe.o(.text)
    USBWakeUp_IRQHandler                     0x08000163   Thumb Code     0  startup_stm32f103xe.o(.text)
    WWDG_IRQHandler                          0x08000163   Thumb Code     0  startup_stm32f103xe.o(.text)
    __aeabi_llsr                             0x0800016d   Thumb Code    32  llushr.o(.text)
    _ll_ushift_r                             0x0800016d   Thumb Code     0  llushr.o(.text)
    __aeabi_memcpy                           0x0800018d   Thumb Code    36  memcpya.o(.text)
    __aeabi_memcpy4                          0x0800018d   Thumb Code     0  memcpya.o(.text)
    __aeabi_memcpy8                          0x0800018d   Thumb Code     0  memcpya.o(.text)
    __aeabi_memset                           0x080001b1   Thumb Code    14  memseta.o(.text)
    __aeabi_memset4                          0x080001b1   Thumb Code     0  memseta.o(.text)
    __aeabi_memset8                          0x080001b1   Thumb Code     0  memseta.o(.text)
    __aeabi_memclr                           0x080001bf   Thumb Code     4  memseta.o(.text)
    __aeabi_memclr4                          0x080001bf   Thumb Code     0  memseta.o(.text)
    __aeabi_memclr8                          0x080001bf   Thumb Code     0  memseta.o(.text)
    _memset$wrapper                          0x080001c3   Thumb Code    18  memseta.o(.text)
    strlen                                   0x080001d5   Thumb Code    14  strlen.o(.text)
    __aeabi_uldivmod                         0x080001e3   Thumb Code    98  uldiv.o(.text)
    __scatterload                            0x08000245   Thumb Code    28  init.o(.text)
    __scatterload_rt2                        0x08000245   Thumb Code     0  init.o(.text)
    __aeabi_llsl                             0x08000269   Thumb Code    30  llshl.o(.text)
    _ll_shift_l                              0x08000269   Thumb Code     0  llshl.o(.text)
    __decompress                             0x08000287   Thumb Code     0  __dczerorl2.o(.text)
    __decompress1                            0x08000287   Thumb Code    86  __dczerorl2.o(.text)
    BSP_EN25FXX_Erase_Chip                   0x080002dd   Thumb Code    82  en25fxx.o(i.BSP_EN25FXX_Erase_Chip)
    BSP_EN25FXX_Erase_Sector                 0x08000341   Thumb Code   102  en25fxx.o(i.BSP_EN25FXX_Erase_Sector)
    BSP_EN25FXX_Power_Down                   0x08000409   Thumb Code    62  en25fxx.o(i.BSP_EN25FXX_Power_Down)
    BSP_EN25FXX_Read                         0x08000455   Thumb Code    80  en25fxx.o(i.BSP_EN25FXX_Read)
    BSP_EN25FXX_Read_Unique_ID               0x080004b1   Thumb Code    64  en25fxx.o(i.BSP_EN25FXX_Read_Unique_ID)
    BSP_EN25FXX_Release_Power_Down           0x08000505   Thumb Code    62  en25fxx.o(i.BSP_EN25FXX_Release_Power_Down)
    BSP_EN25FXX_Write                        0x08000551   Thumb Code   178  en25fxx.o(i.BSP_EN25FXX_Write)
    BSP_EN25FXX_WriteEnable                  0x08000611   Thumb Code    78  en25fxx.o(i.BSP_EN25FXX_WriteEnable)
    BSP_P25Qx_Erase_Chip                     0x08000671   Thumb Code    82  p25q80.o(i.BSP_P25Qx_Erase_Chip)
    BSP_P25Qx_Erase_Sector                   0x080006d5   Thumb Code   102  p25q80.o(i.BSP_P25Qx_Erase_Sector)
    BSP_P25Qx_Power_Down                     0x0800079d   Thumb Code    62  p25q80.o(i.BSP_P25Qx_Power_Down)
    BSP_P25Qx_Read                           0x080007e9   Thumb Code    80  p25q80.o(i.BSP_P25Qx_Read)
    BSP_P25Qx_Read_Unique_ID                 0x08000845   Thumb Code    64  p25q80.o(i.BSP_P25Qx_Read_Unique_ID)
    BSP_P25Qx_Release_Power_Down             0x08000899   Thumb Code    62  p25q80.o(i.BSP_P25Qx_Release_Power_Down)
    BSP_P25Qx_Write                          0x080008e5   Thumb Code   178  p25q80.o(i.BSP_P25Qx_Write)
    BSP_P25Qx_WriteEnable                    0x080009a5   Thumb Code    78  p25q80.o(i.BSP_P25Qx_WriteEnable)
    BSP_W25Qx_Erase_Chip                     0x08000a05   Thumb Code    86  w25qxx.o(i.BSP_W25Qx_Erase_Chip)
    BSP_W25Qx_Erase_Sector                   0x08000a65   Thumb Code    98  w25qxx.o(i.BSP_W25Qx_Erase_Sector)
    BSP_W25Qx_Power_Down                     0x08000b21   Thumb Code    58  w25qxx.o(i.BSP_W25Qx_Power_Down)
    BSP_W25Qx_Read                           0x08000b69   Thumb Code    84  w25qxx.o(i.BSP_W25Qx_Read)
    BSP_W25Qx_Read_Unique_ID                 0x08000bc5   Thumb Code    62  w25qxx.o(i.BSP_W25Qx_Read_Unique_ID)
    BSP_W25Qx_Release_Power_Down             0x08000c15   Thumb Code    58  w25qxx.o(i.BSP_W25Qx_Release_Power_Down)
    BSP_W25Qx_Write                          0x08000c5d   Thumb Code   180  w25qxx.o(i.BSP_W25Qx_Write)
    BSP_W25Qx_WriteEnable                    0x08000d19   Thumb Code    78  w25qxx.o(i.BSP_W25Qx_WriteEnable)
    BusFault_Handler                         0x08000d75   Thumb Code     2  stm32f1xx_it.o(i.BusFault_Handler)
    CDC_Transmit_FS                          0x08000dd1   Thumb Code    38  usbd_cdc_if.o(i.CDC_Transmit_FS)
    DebugMon_Handler                         0x08000e19   Thumb Code     2  stm32f1xx_it.o(i.DebugMon_Handler)
    Error_Handler                            0x08000e1b   Thumb Code     2  main.o(i.Error_Handler)
    FATFS_LinkDriver                         0x08000e1d   Thumb Code     6  ff_gen_drv.o(i.FATFS_LinkDriver)
    FATFS_LinkDriverEx                       0x08000e25   Thumb Code    60  ff_gen_drv.o(i.FATFS_LinkDriverEx)
    FLASH_disk_initialize                    0x08000e65   Thumb Code    12  device_mid.o(i.FLASH_disk_initialize)
    FLASH_disk_ioctl                         0x08000e75   Thumb Code    34  device_mid.o(i.FLASH_disk_ioctl)
    FLASH_disk_read                          0x08000e99   Thumb Code    54  device_mid.o(i.FLASH_disk_read)
    FLASH_disk_status                        0x08000ed5   Thumb Code     6  device_mid.o(i.FLASH_disk_status)
    FLASH_disk_write                         0x08000ee1   Thumb Code    66  device_mid.o(i.FLASH_disk_write)
    HAL_Delay                                0x08000f29   Thumb Code    32  stm32f1xx_hal.o(i.HAL_Delay)
    HAL_GPIO_Init                            0x08000f4d   Thumb Code   446  stm32f1xx_hal_gpio.o(i.HAL_GPIO_Init)
    HAL_GPIO_ReadPin                         0x0800112d   Thumb Code    10  stm32f1xx_hal_gpio.o(i.HAL_GPIO_ReadPin)
    HAL_GPIO_WritePin                        0x08001137   Thumb Code    10  stm32f1xx_hal_gpio.o(i.HAL_GPIO_WritePin)
    HAL_GetTick                              0x08001141   Thumb Code     6  stm32f1xx_hal.o(i.HAL_GetTick)
    HAL_IncTick                              0x0800114d   Thumb Code    12  stm32f1xx_hal.o(i.HAL_IncTick)
    HAL_Init                                 0x0800115d   Thumb Code    32  stm32f1xx_hal.o(i.HAL_Init)
    HAL_InitTick                             0x08001181   Thumb Code    54  stm32f1xx_hal.o(i.HAL_InitTick)
    HAL_MspInit                              0x080011c1   Thumb Code    52  stm32f1xx_hal_msp.o(i.HAL_MspInit)
    HAL_NVIC_EnableIRQ                       0x080011fd   Thumb Code    26  stm32f1xx_hal_cortex.o(i.HAL_NVIC_EnableIRQ)
    HAL_NVIC_SetPriority                     0x08001219   Thumb Code    60  stm32f1xx_hal_cortex.o(i.HAL_NVIC_SetPriority)
    HAL_NVIC_SetPriorityGrouping             0x08001259   Thumb Code    26  stm32f1xx_hal_cortex.o(i.HAL_NVIC_SetPriorityGrouping)
    HAL_PCDEx_PMAConfig                      0x0800127d   Thumb Code    52  stm32f1xx_hal_pcd_ex.o(i.HAL_PCDEx_PMAConfig)
    HAL_PCDEx_SetConnectionState             0x080012b1   Thumb Code     2  usbd_conf.o(i.HAL_PCDEx_SetConnectionState)
    HAL_PCD_DataInStageCallback              0x080012b3   Thumb Code    14  usbd_conf.o(i.HAL_PCD_DataInStageCallback)
    HAL_PCD_DataOutStageCallback             0x080012c1   Thumb Code    16  usbd_conf.o(i.HAL_PCD_DataOutStageCallback)
    HAL_PCD_EP_Close                         0x080012d1   Thumb Code    72  stm32f1xx_hal_pcd.o(i.HAL_PCD_EP_Close)
    HAL_PCD_EP_ClrStall                      0x08001319   Thumb Code    88  stm32f1xx_hal_pcd.o(i.HAL_PCD_EP_ClrStall)
    HAL_PCD_EP_GetRxCount                    0x08001371   Thumb Code    14  stm32f1xx_hal_pcd.o(i.HAL_PCD_EP_GetRxCount)
    HAL_PCD_EP_Open                          0x0800137f   Thumb Code    92  stm32f1xx_hal_pcd.o(i.HAL_PCD_EP_Open)
    HAL_PCD_EP_Receive                       0x080013db   Thumb Code    46  stm32f1xx_hal_pcd.o(i.HAL_PCD_EP_Receive)
    HAL_PCD_EP_SetStall                      0x08001409   Thumb Code   106  stm32f1xx_hal_pcd.o(i.HAL_PCD_EP_SetStall)
    HAL_PCD_EP_Transmit                      0x08001473   Thumb Code    42  stm32f1xx_hal_pcd.o(i.HAL_PCD_EP_Transmit)
    HAL_PCD_IRQHandler                       0x0800149d   Thumb Code   278  stm32f1xx_hal_pcd.o(i.HAL_PCD_IRQHandler)
    HAL_PCD_Init                             0x080015b5   Thumb Code   210  stm32f1xx_hal_pcd.o(i.HAL_PCD_Init)
    HAL_PCD_MspInit                          0x08001689   Thumb Code    66  usbd_conf.o(i.HAL_PCD_MspInit)
    HAL_PCD_ResetCallback                    0x080016d5   Thumb Code    38  usbd_conf.o(i.HAL_PCD_ResetCallback)
    HAL_PCD_ResumeCallback                   0x080016fb   Thumb Code     8  usbd_conf.o(i.HAL_PCD_ResumeCallback)
    HAL_PCD_SOFCallback                      0x08001703   Thumb Code     8  usbd_conf.o(i.HAL_PCD_SOFCallback)
    HAL_PCD_SetAddress                       0x0800170b   Thumb Code    40  stm32f1xx_hal_pcd.o(i.HAL_PCD_SetAddress)
    HAL_PCD_SetupStageCallback               0x08001733   Thumb Code    14  usbd_conf.o(i.HAL_PCD_SetupStageCallback)
    HAL_PCD_Start                            0x08001741   Thumb Code    50  stm32f1xx_hal_pcd.o(i.HAL_PCD_Start)
    HAL_PCD_SuspendCallback                  0x08001775   Thumb Code    30  usbd_conf.o(i.HAL_PCD_SuspendCallback)
    HAL_RCCEx_PeriphCLKConfig                0x08001799   Thumb Code   224  stm32f1xx_hal_rcc_ex.o(i.HAL_RCCEx_PeriphCLKConfig)
    HAL_RCC_ClockConfig                      0x08001885   Thumb Code   280  stm32f1xx_hal_rcc.o(i.HAL_RCC_ClockConfig)
    HAL_RCC_GetPCLK1Freq                     0x080019b1   Thumb Code    20  stm32f1xx_hal_rcc.o(i.HAL_RCC_GetPCLK1Freq)
    HAL_RCC_GetPCLK2Freq                     0x080019d1   Thumb Code    20  stm32f1xx_hal_rcc.o(i.HAL_RCC_GetPCLK2Freq)
    HAL_RCC_GetSysClockFreq                  0x080019f1   Thumb Code    74  stm32f1xx_hal_rcc.o(i.HAL_RCC_GetSysClockFreq)
    HAL_RCC_OscConfig                        0x08001a5d   Thumb Code   778  stm32f1xx_hal_rcc.o(i.HAL_RCC_OscConfig)
    HAL_SPI_Init                             0x08001d7d   Thumb Code   124  stm32f1xx_hal_spi.o(i.HAL_SPI_Init)
    HAL_SPI_MspInit                          0x08001df9   Thumb Code    98  spi.o(i.HAL_SPI_MspInit)
    HAL_SPI_Receive                          0x08001e69   Thumb Code   336  stm32f1xx_hal_spi.o(i.HAL_SPI_Receive)
    HAL_SPI_Transmit                         0x08001fb9   Thumb Code   348  stm32f1xx_hal_spi.o(i.HAL_SPI_Transmit)
    HAL_SPI_TransmitReceive                  0x08002115   Thumb Code   482  stm32f1xx_hal_spi.o(i.HAL_SPI_TransmitReceive)
    HAL_SYSTICK_Config                       0x080022f7   Thumb Code    40  stm32f1xx_hal_cortex.o(i.HAL_SYSTICK_Config)
    HAL_UART_Init                            0x0800231f   Thumb Code    98  stm32f1xx_hal_uart.o(i.HAL_UART_Init)
    HAL_UART_MspInit                         0x08002381   Thumb Code    98  usart.o(i.HAL_UART_MspInit)
    HAL_UART_Transmit                        0x080023f1   Thumb Code   186  stm32f1xx_hal_uart.o(i.HAL_UART_Transmit)
    HardFault_Handler                        0x080024ab   Thumb Code     2  stm32f1xx_it.o(i.HardFault_Handler)
    MX_FATFS_Init                            0x080024e5   Thumb Code    18  fatfs.o(i.MX_FATFS_Init)
    MX_GPIO_Init                             0x08002501   Thumb Code   182  gpio.o(i.MX_GPIO_Init)
    MX_SPI1_Init                             0x080025c9   Thumb Code    62  spi.o(i.MX_SPI1_Init)
    MX_USART2_UART_Init                      0x08002611   Thumb Code    48  usart.o(i.MX_USART2_UART_Init)
    MX_USB_DEVICE_Init                       0x08002649   Thumb Code    66  usb_device.o(i.MX_USB_DEVICE_Init)
    MemManage_Handler                        0x0800269d   Thumb Code     2  stm32f1xx_it.o(i.MemManage_Handler)
    NMI_Handler                              0x0800269f   Thumb Code     2  stm32f1xx_it.o(i.NMI_Handler)
    PendSV_Handler                           0x08002963   Thumb Code     2  stm32f1xx_it.o(i.PendSV_Handler)
    SD_disk_initialize                       0x08002b21   Thumb Code   292  fatfs_sd.o(i.SD_disk_initialize)
    SD_disk_ioctl                            0x08002c49   Thumb Code   314  fatfs_sd.o(i.SD_disk_ioctl)
    SD_disk_read                             0x08002d89   Thumb Code   146  fatfs_sd.o(i.SD_disk_read)
    SD_disk_status                           0x08002e21   Thumb Code    12  fatfs_sd.o(i.SD_disk_status)
    SD_disk_write                            0x08002e31   Thumb Code   178  fatfs_sd.o(i.SD_disk_write)
    SVC_Handler                              0x0800307d   Thumb Code     2  stm32f1xx_it.o(i.SVC_Handler)
    SysTick_Handler                          0x08003081   Thumb Code    46  stm32f1xx_it.o(i.SysTick_Handler)
    SystemClock_Config                       0x080030bd   Thumb Code    96  main.o(i.SystemClock_Config)
    SystemInit                               0x0800311d   Thumb Code    56  system_stm32f1xx.o(i.SystemInit)
    USBD_CDC_GetDeviceQualifierDescriptor    0x0800335d   Thumb Code     8  usbd_cdc.o(i.USBD_CDC_GetDeviceQualifierDescriptor)
    USBD_CDC_ReceivePacket                   0x08003421   Thumb Code    40  usbd_cdc.o(i.USBD_CDC_ReceivePacket)
    USBD_CDC_RegisterInterface               0x08003449   Thumb Code    16  usbd_cdc.o(i.USBD_CDC_RegisterInterface)
    USBD_CDC_SetRxBuffer                     0x08003459   Thumb Code    12  usbd_cdc.o(i.USBD_CDC_SetRxBuffer)
    USBD_CDC_SetTxBuffer                     0x08003465   Thumb Code    16  usbd_cdc.o(i.USBD_CDC_SetTxBuffer)
    USBD_CDC_TransmitPacket                  0x08003521   Thumb Code    54  usbd_cdc.o(i.USBD_CDC_TransmitPacket)
    USBD_ClrClassConfig                      0x08003557   Thumb Code    14  usbd_core.o(i.USBD_ClrClassConfig)
    USBD_CtlContinueRx                       0x08003565   Thumb Code    16  usbd_ioreq.o(i.USBD_CtlContinueRx)
    USBD_CtlContinueSendData                 0x08003575   Thumb Code    16  usbd_ioreq.o(i.USBD_CtlContinueSendData)
    USBD_CtlError                            0x08003585   Thumb Code    22  usbd_ctlreq.o(i.USBD_CtlError)
    USBD_CtlPrepareRx                        0x0800359b   Thumb Code    30  usbd_ioreq.o(i.USBD_CtlPrepareRx)
    USBD_CtlReceiveStatus                    0x080035b9   Thumb Code    22  usbd_ioreq.o(i.USBD_CtlReceiveStatus)
    USBD_CtlSendData                         0x080035cf   Thumb Code    26  usbd_ioreq.o(i.USBD_CtlSendData)
    USBD_CtlSendStatus                       0x080035e9   Thumb Code    22  usbd_ioreq.o(i.USBD_CtlSendStatus)
    USBD_FS_ConfigStrDescriptor              0x08003601   Thumb Code    16  usbd_desc.o(i.USBD_FS_ConfigStrDescriptor)
    USBD_FS_DeviceDescriptor                 0x08003621   Thumb Code     8  usbd_desc.o(i.USBD_FS_DeviceDescriptor)
    USBD_FS_InterfaceStrDescriptor           0x0800362d   Thumb Code    16  usbd_desc.o(i.USBD_FS_InterfaceStrDescriptor)
    USBD_FS_LangIDStrDescriptor              0x08003651   Thumb Code     8  usbd_desc.o(i.USBD_FS_LangIDStrDescriptor)
    USBD_FS_ManufacturerStrDescriptor        0x0800365d   Thumb Code    16  usbd_desc.o(i.USBD_FS_ManufacturerStrDescriptor)
    USBD_FS_ProductStrDescriptor             0x08003685   Thumb Code    16  usbd_desc.o(i.USBD_FS_ProductStrDescriptor)
    USBD_FS_SerialStrDescriptor              0x080036b1   Thumb Code    48  usbd_desc.o(i.USBD_FS_SerialStrDescriptor)
    USBD_GetString                           0x080037d1   Thumb Code    72  usbd_ctlreq.o(i.USBD_GetString)
    USBD_Init                                0x08003831   Thumb Code    42  usbd_core.o(i.USBD_Init)
    USBD_LL_ClearStallEP                     0x0800385b   Thumb Code    18  usbd_conf.o(i.USBD_LL_ClearStallEP)
    USBD_LL_CloseEP                          0x0800386d   Thumb Code    18  usbd_conf.o(i.USBD_LL_CloseEP)
    USBD_LL_DataInStage                      0x0800387f   Thumb Code   198  usbd_core.o(i.USBD_LL_DataInStage)
    USBD_LL_DataOutStage                     0x08003945   Thumb Code   130  usbd_core.o(i.USBD_LL_DataOutStage)
    USBD_LL_GetRxDataSize                    0x080039c7   Thumb Code     8  usbd_conf.o(i.USBD_LL_GetRxDataSize)
    USBD_LL_Init                             0x080039d1   Thumb Code   118  usbd_conf.o(i.USBD_LL_Init)
    USBD_LL_IsStallEP                        0x08003a51   Thumb Code    28  usbd_conf.o(i.USBD_LL_IsStallEP)
    USBD_LL_OpenEP                           0x08003a6d   Thumb Code    24  usbd_conf.o(i.USBD_LL_OpenEP)
    USBD_LL_PrepareReceive                   0x08003a85   Thumb Code    18  usbd_conf.o(i.USBD_LL_PrepareReceive)
    USBD_LL_Reset                            0x08003a97   Thumb Code    80  usbd_core.o(i.USBD_LL_Reset)
    USBD_LL_Resume                           0x08003ae7   Thumb Code    20  usbd_core.o(i.USBD_LL_Resume)
    USBD_LL_SOF                              0x08003afb   Thumb Code    24  usbd_core.o(i.USBD_LL_SOF)
    USBD_LL_SetSpeed                         0x08003b13   Thumb Code     6  usbd_core.o(i.USBD_LL_SetSpeed)
    USBD_LL_SetUSBAddress                    0x08003b19   Thumb Code    18  usbd_conf.o(i.USBD_LL_SetUSBAddress)
    USBD_LL_SetupStage                       0x08003b2b   Thumb Code    90  usbd_core.o(i.USBD_LL_SetupStage)
    USBD_LL_StallEP                          0x08003b85   Thumb Code    18  usbd_conf.o(i.USBD_LL_StallEP)
    USBD_LL_Start                            0x08003b97   Thumb Code    18  usbd_conf.o(i.USBD_LL_Start)
    USBD_LL_Suspend                          0x08003ba9   Thumb Code    18  usbd_core.o(i.USBD_LL_Suspend)
    USBD_LL_Transmit                         0x08003bbb   Thumb Code    18  usbd_conf.o(i.USBD_LL_Transmit)
    USBD_ParseSetupRequest                   0x08003bcd   Thumb Code    40  usbd_ctlreq.o(i.USBD_ParseSetupRequest)
    USBD_RegisterClass                       0x08003bf5   Thumb Code    16  usbd_core.o(i.USBD_RegisterClass)
    USBD_SetClassConfig                      0x08003c05   Thumb Code    22  usbd_core.o(i.USBD_SetClassConfig)
    USBD_Start                               0x08003ca1   Thumb Code    10  usbd_core.o(i.USBD_Start)
    USBD_StdDevReq                           0x08003cab   Thumb Code   274  usbd_ctlreq.o(i.USBD_StdDevReq)
    USBD_StdEPReq                            0x08003dbd   Thumb Code   336  usbd_ctlreq.o(i.USBD_StdEPReq)
    USBD_StdItfReq                           0x08003f0d   Thumb Code    78  usbd_ctlreq.o(i.USBD_StdItfReq)
    USBD_static_free                         0x08003f5b   Thumb Code     2  usbd_conf.o(i.USBD_static_free)
    USBD_static_malloc                       0x08003f5d   Thumb Code     4  usbd_conf.o(i.USBD_static_malloc)
    USB_ActivateEndpoint                     0x08003f65   Thumb Code   614  stm32f1xx_ll_usb.o(i.USB_ActivateEndpoint)
    USB_CoreInit                             0x080041cb   Thumb Code     4  stm32f1xx_ll_usb.o(i.USB_CoreInit)
    USB_DeactivateEndpoint                   0x080041cf   Thumb Code   270  stm32f1xx_ll_usb.o(i.USB_DeactivateEndpoint)
    USB_DevConnect                           0x080042dd   Thumb Code     4  stm32f1xx_ll_usb.o(i.USB_DevConnect)
    USB_DevDisconnect                        0x080042e1   Thumb Code     4  stm32f1xx_ll_usb.o(i.USB_DevDisconnect)
    USB_DevInit                              0x080042e5   Thumb Code    30  stm32f1xx_ll_usb.o(i.USB_DevInit)
    USB_DisableGlobalInt                     0x08004303   Thumb Code    14  stm32f1xx_ll_usb.o(i.USB_DisableGlobalInt)
    USB_EP0_OutStart                         0x08004311   Thumb Code     4  stm32f1xx_ll_usb.o(i.USB_EP0_OutStart)
    USB_EPClearStall                         0x08004315   Thumb Code   120  stm32f1xx_ll_usb.o(i.USB_EPClearStall)
    USB_EPSetStall                           0x0800438d   Thumb Code    50  stm32f1xx_ll_usb.o(i.USB_EPSetStall)
    USB_EPStartXfer                          0x080043bf   Thumb Code   412  stm32f1xx_ll_usb.o(i.USB_EPStartXfer)
    USB_EnableGlobalInt                      0x0800455b   Thumb Code    14  stm32f1xx_ll_usb.o(i.USB_EnableGlobalInt)
    USB_HP_CAN1_TX_IRQHandler                0x08004569   Thumb Code     6  stm32f1xx_it.o(i.USB_HP_CAN1_TX_IRQHandler)
    USB_LP_CAN1_RX0_IRQHandler               0x08004575   Thumb Code     6  stm32f1xx_it.o(i.USB_LP_CAN1_RX0_IRQHandler)
    USB_ReadInterrupts                       0x08004581   Thumb Code     6  stm32f1xx_ll_usb.o(i.USB_ReadInterrupts)
    USB_ReadPMA                              0x08004589   Thumb Code    44  stm32f1xx_ll_usb.o(i.USB_ReadPMA)
    USB_SetCurrentMode                       0x080045b5   Thumb Code     4  stm32f1xx_ll_usb.o(i.USB_SetCurrentMode)
    USB_SetDevAddress                        0x080045b9   Thumb Code    12  stm32f1xx_ll_usb.o(i.USB_SetDevAddress)
    USB_WritePMA                             0x080045c5   Thumb Code    38  stm32f1xx_ll_usb.o(i.USB_WritePMA)
    USER_initialize                          0x080045ed   Thumb Code     6  user_diskio.o(i.USER_initialize)
    USER_ioctl                               0x080045f9   Thumb Code     6  user_diskio.o(i.USER_ioctl)
    USER_read                                0x08004605   Thumb Code    12  user_diskio.o(i.USER_read)
    USER_status                              0x08004615   Thumb Code     6  user_diskio.o(i.USER_status)
    USER_write                               0x08004621   Thumb Code    12  user_diskio.o(i.USER_write)
    UsageFault_Handler                       0x08004631   Thumb Code     2  stm32f1xx_it.o(i.UsageFault_Handler)
    __0printf$8                              0x08004635   Thumb Code    22  printf8.o(i.__0printf$8)
    __1printf$8                              0x08004635   Thumb Code     0  printf8.o(i.__0printf$8)
    __2printf                                0x08004635   Thumb Code     0  printf8.o(i.__0printf$8)
    __0sprintf$8                             0x08004655   Thumb Code    34  printf8.o(i.__0sprintf$8)
    __1sprintf$8                             0x08004655   Thumb Code     0  printf8.o(i.__0sprintf$8)
    __2sprintf                               0x08004655   Thumb Code     0  printf8.o(i.__0sprintf$8)
    __scatterload_copy                       0x0800469d   Thumb Code    14  handlers.o(i.__scatterload_copy)
    __scatterload_null                       0x080046ab   Thumb Code     2  handlers.o(i.__scatterload_null)
    __scatterload_zeroinit                   0x080046ad   Thumb Code    14  handlers.o(i.__scatterload_zeroinit)
    button_scan                              0x08004c2d   Thumb Code    32  button_app.o(i.button_scan)
    close_file                               0x08004d7d   Thumb Code    28  user_fs.o(i.close_file)
    clust2sect                               0x08004dc5   Thumb Code    28  ff.o(i.clust2sect)
    cmd_pro_init                             0x08004de1   Thumb Code    32  cmd_pro.o(i.cmd_pro_init)
    cmd_pro_resp                             0x08004e0d   Thumb Code    12  cmd_pro.o(i.cmd_pro_resp)
    cmd_pro_task                             0x08004e1d   Thumb Code   764  cmd_pro.o(i.cmd_pro_task)
    creat_file                               0x08005305   Thumb Code    42  user_fs.o(i.creat_file)
    disk_initialize                          0x080057c1   Thumb Code    36  diskio.o(i.disk_initialize)
    disk_ioctl                               0x080057e9   Thumb Code    24  diskio.o(i.disk_ioctl)
    disk_read                                0x08005805   Thumb Code    24  diskio.o(i.disk_read)
    disk_status                              0x08005821   Thumb Code    18  diskio.o(i.disk_status)
    disk_write                               0x08005839   Thumb Code    24  diskio.o(i.disk_write)
    f_close                                  0x08005855   Thumb Code    38  ff.o(i.f_close)
    f_closedir                               0x0800587b   Thumb Code    32  ff.o(i.f_closedir)
    f_lseek                                  0x0800589b   Thumb Code   490  ff.o(i.f_lseek)
    f_mkfs                                   0x08005a85   Thumb Code  1402  ff.o(i.f_mkfs)
    f_mount                                  0x08006005   Thumb Code    94  ff.o(i.f_mount)
    f_open                                   0x08006069   Thumb Code   416  ff.o(i.f_open)
    f_opendir                                0x0800620d   Thumb Code   132  ff.o(i.f_opendir)
    f_read                                   0x08006291   Thumb Code   356  ff.o(i.f_read)
    f_readdir                                0x080063f5   Thumb Code    78  ff.o(i.f_readdir)
    f_sync                                   0x08006443   Thumb Code   124  ff.o(i.f_sync)
    f_write                                  0x080064bf   Thumb Code   456  ff.o(i.f_write)
    flex_button_register                     0x08006b31   Thumb Code    72  flexible_button.o(i.flex_button_register)
    flex_button_scan                         0x08006b7d   Thumb Code    14  flexible_button.o(i.flex_button_scan)
    fputc                                    0x08006c35   Thumb Code    20  debug.o(i.fputc)
    fs_hw_adptor_registor                    0x08006c4d   Thumb Code    64  fs_hw_adaptor.o(i.fs_hw_adptor_registor)
    get_fat                                  0x08006ccd   Thumb Code   240  ff.o(i.get_fat)
    get_fattime                              0x08006dbd   Thumb Code     4  fatfs.o(i.get_fattime)
    i2c_device_read_bytes                    0x08006e55   Thumb Code    12  i2c_device.o(i.i2c_device_read_bytes)
    i2c_device_set_addr                      0x08006e65   Thumb Code     6  i2c_device.o(i.i2c_device_set_addr)
    i2c_device_write_bytes                   0x08006e71   Thumb Code    62  i2c_device.o(i.i2c_device_write_bytes)
    i2c_get_multiple_data                    0x08006eb5   Thumb Code    38  user_i2c.o(i.i2c_get_multiple_data)
    i2c_receive                              0x08006edb   Thumb Code    76  user_i2c.o(i.i2c_receive)
    i2c_receive_byte                         0x08006f29   Thumb Code   154  user_i2c.o(i.i2c_receive_byte)
    i2c_send                                 0x08006fc9   Thumb Code    56  user_i2c.o(i.i2c_send)
    i2c_send_byte                            0x08007001   Thumb Code   164  user_i2c.o(i.i2c_send_byte)
    i2c_send_multiple_data                   0x080070a9   Thumb Code    88  user_i2c.o(i.i2c_send_multiple_data)
    i2c_start_condition                      0x08007101   Thumb Code   130  user_i2c.o(i.i2c_start_condition)
    i2c_stop_condition                       0x08007189   Thumb Code    64  user_i2c.o(i.i2c_stop_condition)
    main                                     0x0800727d   Thumb Code    54  main.o(i.main)
    print_array                              0x08007319   Thumb Code    60  debug.o(i.print_array)
    put_fat                                  0x08007361   Thumb Code   284  ff.o(i.put_fat)
    read_file                                0x0800747d   Thumb Code    74  user_fs.o(i.read_file)
    scan_files                               0x08007545   Thumb Code   224  user_fs.o(i.scan_files)
    spi_device_power_down_get                0x08007685   Thumb Code     6  device_mid.o(i.spi_device_power_down_get)
    spi_device_power_down_set                0x08007691   Thumb Code     6  device_mid.o(i.spi_device_power_down_set)
    spi_device_register                      0x0800769d   Thumb Code    52  device_mid.o(i.spi_device_register)
    user_button_init                         0x08007a65   Thumb Code    40  button_app.o(i.user_button_init)
    user_protocol_fetch_rx_data              0x08007a99   Thumb Code    20  protocol.o(i.user_protocol_fetch_rx_data)
    user_protocol_init                       0x08007aad   Thumb Code    16  protocol.o(i.user_protocol_init)
    user_protocol_rx_feed                    0x08007ac1   Thumb Code     4  protocol.o(i.user_protocol_rx_feed)
    user_protocol_transmit                   0x08007ac5   Thumb Code    64  protocol.o(i.user_protocol_transmit)
    write_file                               0x08007b2d   Thumb Code    60  user_fs.o(i.write_file)
    AHBPrescTable                            0x08007b7c   Data          16  system_stm32f1xx.o(.constdata)
    APBPrescTable                            0x08007b8c   Data           8  system_stm32f1xx.o(.constdata)
    Region$$Table$$Base                      0x08007c40   Number         0  anon$$obj.o(Region$$Table)
    Region$$Table$$Limit                     0x08007c60   Number         0  anon$$obj.o(Region$$Table)
    Timer1                                   0x20000004   Data           2  fatfs_sd.o(.data)
    Timer2                                   0x20000006   Data           2  fatfs_sd.o(.data)
    Adaptor_Driver                           0x20000008   Data          20  fs_hw_adaptor.o(.data)
    spi_dev_opt                              0x2000002c   Data           4  device_mid.o(.data)
    USER_Driver                              0x20000090   Data          20  user_diskio.o(.data)
    retUSER                                  0x200000a4   Data           1  fatfs.o(.data)
    USERPath                                 0x200000a5   Data           4  fatfs.o(.data)
    FS_Desc                                  0x200000ac   Data          28  usbd_desc.o(.data)
    USBD_LangIDDesc                          0x200000c8   Data           4  usbd_desc.o(.data)
    USBD_FS_DeviceDesc                       0x200000cc   Data          18  usbd_desc.o(.data)
    USBD_StringSerial                        0x200000e0   Data          26  usbd_desc.o(.data)
    USBD_Interface_fops_FS                   0x200000fc   Data          16  usbd_cdc_if.o(.data)
    FatFsCnt                                 0x2000010c   Data           2  stm32f1xx_it.o(.data)
    uwTickFreq                               0x20000110   Data           1  stm32f1xx_hal.o(.data)
    uwTickPrio                               0x20000114   Data           4  stm32f1xx_hal.o(.data)
    uwTick                                   0x20000118   Data           4  stm32f1xx_hal.o(.data)
    SystemCoreClock                          0x2000011c   Data           4  system_stm32f1xx.o(.data)
    USBD_CDC_CfgHSDesc                       0x20000138   Data          67  usbd_cdc.o(.data)
    USBD_CDC_CfgFSDesc                       0x2000017c   Data          67  usbd_cdc.o(.data)
    USBD_CDC_OtherSpeedCfgDesc               0x200001c0   Data          67  usbd_cdc.o(.data)
    USBD_CDC                                 0x20000204   Data          56  usbd_cdc.o(.data)
    __stdout                                 0x2000023c   Data           4  stdout.o(.data)
    p_cdc                                    0x2000025c   Data          32  cmd_pro.o(.bss)
    USERFatFS                                0x20000a7c   Data        4144  fatfs.o(.bss)
    USERFile                                 0x20001aac   Data          44  fatfs.o(.bss)
    hspi1                                    0x20001ad8   Data          88  spi.o(.bss)
    huart2                                   0x20001b30   Data          64  usart.o(.bss)
    hUsbDeviceFS                             0x20001b70   Data         708  usb_device.o(.bss)
    hpcd_USB_FS                              0x20002054   Data         620  usbd_conf.o(.bss)
    USBD_StrDesc                             0x200022c0   Data         512  usbd_desc.o(.bss)
    UserRxBufferFS                           0x200024c0   Data        1024  usbd_cdc_if.o(.bss)
    UserTxBufferFS                           0x200028c0   Data        1024  usbd_cdc_if.o(.bss)
    disk                                     0x20002cd8   Data          12  ff_gen_drv.o(.bss)
    __initial_sp                             0x200030e8   Data           0  startup_stm32f103xe.o(STACK)



==============================================================================

Memory Map of the image

  Image Entry point : 0x08000131

  Load Region LR_IROM1 (Base: 0x08000000, Size: 0x00007ea0, Max: 0x00020000, ABSOLUTE, COMPRESSED[0x00007d94])

    Execution Region ER_IROM1 (Exec base: 0x08000000, Load base: 0x08000000, Size: 0x00007c60, Max: 0x00020000, ABSOLUTE)

    Exec Addr    Load Addr    Size         Type   Attr      Idx    E Section Name        Object

    0x08000000   0x08000000   0x00000130   Data   RO            3    RESET               startup_stm32f103xe.o
    0x08000130   0x08000130   0x00000000   Code   RO         4855  * .ARM.Collect$$$$00000000  mc_w.l(entry.o)
    0x08000130   0x08000130   0x00000004   Code   RO         5129    .ARM.Collect$$$$00000001  mc_w.l(entry2.o)
    0x08000134   0x08000134   0x00000004   Code   RO         5132    .ARM.Collect$$$$00000004  mc_w.l(entry5.o)
    0x08000138   0x08000138   0x00000000   Code   RO         5134    .ARM.Collect$$$$00000008  mc_w.l(entry7b.o)
    0x08000138   0x08000138   0x00000000   Code   RO         5136    .ARM.Collect$$$$0000000A  mc_w.l(entry8b.o)
    0x08000138   0x08000138   0x00000008   Code   RO         5137    .ARM.Collect$$$$0000000B  mc_w.l(entry9a.o)
    0x08000140   0x08000140   0x00000004   Code   RO         5144    .ARM.Collect$$$$0000000E  mc_w.l(entry12b.o)
    0x08000144   0x08000144   0x00000000   Code   RO         5139    .ARM.Collect$$$$0000000F  mc_w.l(entry10a.o)
    0x08000144   0x08000144   0x00000000   Code   RO         5141    .ARM.Collect$$$$00000011  mc_w.l(entry11a.o)
    0x08000144   0x08000144   0x00000004   Code   RO         5130    .ARM.Collect$$$$00002712  mc_w.l(entry2.o)
    0x08000148   0x08000148   0x00000024   Code   RO            4    .text               startup_stm32f103xe.o
    0x0800016c   0x0800016c   0x00000020   Code   RO         4858    .text               mc_w.l(llushr.o)
    0x0800018c   0x0800018c   0x00000024   Code   RO         4860    .text               mc_w.l(memcpya.o)
    0x080001b0   0x080001b0   0x00000024   Code   RO         4862    .text               mc_w.l(memseta.o)
    0x080001d4   0x080001d4   0x0000000e   Code   RO         4864    .text               mc_w.l(strlen.o)
    0x080001e2   0x080001e2   0x00000062   Code   RO         5148    .text               mc_w.l(uldiv.o)
    0x08000244   0x08000244   0x00000024   Code   RO         5161    .text               mc_w.l(init.o)
    0x08000268   0x08000268   0x0000001e   Code   RO         5163    .text               mc_w.l(llshl.o)
    0x08000286   0x08000286   0x00000056   Code   RO         5177    .text               mc_w.l(__dczerorl2.o)
    0x080002dc   0x080002dc   0x00000064   Code   RO          451    i.BSP_EN25FXX_Erase_Chip  en25fxx.o
    0x08000340   0x08000340   0x00000074   Code   RO          452    i.BSP_EN25FXX_Erase_Sector  en25fxx.o
    0x080003b4   0x080003b4   0x00000054   Code   RO          453    i.BSP_EN25FXX_GetStatus  en25fxx.o
    0x08000408   0x08000408   0x0000004c   Code   RO          454    i.BSP_EN25FXX_Power_Down  en25fxx.o
    0x08000454   0x08000454   0x0000005c   Code   RO          455    i.BSP_EN25FXX_Read  en25fxx.o
    0x080004b0   0x080004b0   0x00000054   Code   RO          456    i.BSP_EN25FXX_Read_Unique_ID  en25fxx.o
    0x08000504   0x08000504   0x0000004c   Code   RO          457    i.BSP_EN25FXX_Release_Power_Down  en25fxx.o
    0x08000550   0x08000550   0x000000c0   Code   RO          458    i.BSP_EN25FXX_Write  en25fxx.o
    0x08000610   0x08000610   0x00000060   Code   RO          459    i.BSP_EN25FXX_WriteEnable  en25fxx.o
    0x08000670   0x08000670   0x00000064   Code   RO           14    i.BSP_P25Qx_Erase_Chip  p25q80.o
    0x080006d4   0x080006d4   0x00000074   Code   RO           15    i.BSP_P25Qx_Erase_Sector  p25q80.o
    0x08000748   0x08000748   0x00000054   Code   RO           16    i.BSP_P25Qx_GetStatus  p25q80.o
    0x0800079c   0x0800079c   0x0000004c   Code   RO           17    i.BSP_P25Qx_Power_Down  p25q80.o
    0x080007e8   0x080007e8   0x0000005c   Code   RO           18    i.BSP_P25Qx_Read    p25q80.o
    0x08000844   0x08000844   0x00000054   Code   RO           19    i.BSP_P25Qx_Read_Unique_ID  p25q80.o
    0x08000898   0x08000898   0x0000004c   Code   RO           20    i.BSP_P25Qx_Release_Power_Down  p25q80.o
    0x080008e4   0x080008e4   0x000000c0   Code   RO           21    i.BSP_P25Qx_Write   p25q80.o
    0x080009a4   0x080009a4   0x00000060   Code   RO           22    i.BSP_P25Qx_WriteEnable  p25q80.o
    0x08000a04   0x08000a04   0x00000060   Code   RO          189    i.BSP_W25Qx_Erase_Chip  w25qxx.o
    0x08000a64   0x08000a64   0x0000006c   Code   RO          190    i.BSP_W25Qx_Erase_Sector  w25qxx.o
    0x08000ad0   0x08000ad0   0x00000050   Code   RO          191    i.BSP_W25Qx_GetStatus  w25qxx.o
    0x08000b20   0x08000b20   0x00000048   Code   RO          193    i.BSP_W25Qx_Power_Down  w25qxx.o
    0x08000b68   0x08000b68   0x0000005c   Code   RO          194    i.BSP_W25Qx_Read    w25qxx.o
    0x08000bc4   0x08000bc4   0x00000050   Code   RO          196    i.BSP_W25Qx_Read_Unique_ID  w25qxx.o
    0x08000c14   0x08000c14   0x00000048   Code   RO          197    i.BSP_W25Qx_Release_Power_Down  w25qxx.o
    0x08000c5c   0x08000c5c   0x000000bc   Code   RO          198    i.BSP_W25Qx_Write   w25qxx.o
    0x08000d18   0x08000d18   0x0000005c   Code   RO          199    i.BSP_W25Qx_WriteEnable  w25qxx.o
    0x08000d74   0x08000d74   0x00000002   Code   RO         1735    i.BusFault_Handler  stm32f1xx_it.o
    0x08000d76   0x08000d76   0x00000004   Code   RO         1683    i.CDC_Control_FS    usbd_cdc_if.o
    0x08000d7a   0x08000d7a   0x00000004   Code   RO         1684    i.CDC_DeInit_FS     usbd_cdc_if.o
    0x08000d7e   0x08000d7e   0x00000002   PAD
    0x08000d80   0x08000d80   0x00000024   Code   RO         1685    i.CDC_Init_FS       usbd_cdc_if.o
    0x08000da4   0x08000da4   0x0000002c   Code   RO         1686    i.CDC_Receive_FS    usbd_cdc_if.o
    0x08000dd0   0x08000dd0   0x0000002c   Code   RO         1687    i.CDC_Transmit_FS   usbd_cdc_if.o
    0x08000dfc   0x08000dfc   0x0000001c   Code   RO          280    i.DESELECT          fatfs_sd.o
    0x08000e18   0x08000e18   0x00000002   Code   RO         1736    i.DebugMon_Handler  stm32f1xx_it.o
    0x08000e1a   0x08000e1a   0x00000002   Code   RO         1110    i.Error_Handler     main.o
    0x08000e1c   0x08000e1c   0x00000006   Code   RO         4409    i.FATFS_LinkDriver  ff_gen_drv.o
    0x08000e22   0x08000e22   0x00000002   PAD
    0x08000e24   0x08000e24   0x00000040   Code   RO         4410    i.FATFS_LinkDriverEx  ff_gen_drv.o
    0x08000e64   0x08000e64   0x00000010   Code   RO          853    i.FLASH_disk_initialize  device_mid.o
    0x08000e74   0x08000e74   0x00000022   Code   RO          854    i.FLASH_disk_ioctl  device_mid.o
    0x08000e96   0x08000e96   0x00000002   PAD
    0x08000e98   0x08000e98   0x0000003c   Code   RO          855    i.FLASH_disk_read   device_mid.o
    0x08000ed4   0x08000ed4   0x0000000c   Code   RO          856    i.FLASH_disk_status  device_mid.o
    0x08000ee0   0x08000ee0   0x00000048   Code   RO          857    i.FLASH_disk_write  device_mid.o
    0x08000f28   0x08000f28   0x00000024   Code   RO         2347    i.HAL_Delay         stm32f1xx_hal.o
    0x08000f4c   0x08000f4c   0x000001e0   Code   RO         2655    i.HAL_GPIO_Init     stm32f1xx_hal_gpio.o
    0x0800112c   0x0800112c   0x0000000a   Code   RO         2657    i.HAL_GPIO_ReadPin  stm32f1xx_hal_gpio.o
    0x08001136   0x08001136   0x0000000a   Code   RO         2659    i.HAL_GPIO_WritePin  stm32f1xx_hal_gpio.o
    0x08001140   0x08001140   0x0000000c   Code   RO         2351    i.HAL_GetTick       stm32f1xx_hal.o
    0x0800114c   0x0800114c   0x00000010   Code   RO         2357    i.HAL_IncTick       stm32f1xx_hal.o
    0x0800115c   0x0800115c   0x00000024   Code   RO         2358    i.HAL_Init          stm32f1xx_hal.o
    0x08001180   0x08001180   0x00000040   Code   RO         2359    i.HAL_InitTick      stm32f1xx_hal.o
    0x080011c0   0x080011c0   0x0000003c   Code   RO         1826    i.HAL_MspInit       stm32f1xx_hal_msp.o
    0x080011fc   0x080011fc   0x0000001a   Code   RO         2815    i.HAL_NVIC_EnableIRQ  stm32f1xx_hal_cortex.o
    0x08001216   0x08001216   0x00000002   PAD
    0x08001218   0x08001218   0x00000040   Code   RO         2821    i.HAL_NVIC_SetPriority  stm32f1xx_hal_cortex.o
    0x08001258   0x08001258   0x00000024   Code   RO         2822    i.HAL_NVIC_SetPriorityGrouping  stm32f1xx_hal_cortex.o
    0x0800127c   0x0800127c   0x00000034   Code   RO         2103    i.HAL_PCDEx_PMAConfig  stm32f1xx_hal_pcd_ex.o
    0x080012b0   0x080012b0   0x00000002   Code   RO         1385    i.HAL_PCDEx_SetConnectionState  usbd_conf.o
    0x080012b2   0x080012b2   0x0000000e   Code   RO         1387    i.HAL_PCD_DataInStageCallback  usbd_conf.o
    0x080012c0   0x080012c0   0x00000010   Code   RO         1388    i.HAL_PCD_DataOutStageCallback  usbd_conf.o
    0x080012d0   0x080012d0   0x00000048   Code   RO         1895    i.HAL_PCD_EP_Close  stm32f1xx_hal_pcd.o
    0x08001318   0x08001318   0x00000058   Code   RO         1896    i.HAL_PCD_EP_ClrStall  stm32f1xx_hal_pcd.o
    0x08001370   0x08001370   0x0000000e   Code   RO         1898    i.HAL_PCD_EP_GetRxCount  stm32f1xx_hal_pcd.o
    0x0800137e   0x0800137e   0x0000005c   Code   RO         1899    i.HAL_PCD_EP_Open   stm32f1xx_hal_pcd.o
    0x080013da   0x080013da   0x0000002e   Code   RO         1900    i.HAL_PCD_EP_Receive  stm32f1xx_hal_pcd.o
    0x08001408   0x08001408   0x0000006a   Code   RO         1901    i.HAL_PCD_EP_SetStall  stm32f1xx_hal_pcd.o
    0x08001472   0x08001472   0x0000002a   Code   RO         1902    i.HAL_PCD_EP_Transmit  stm32f1xx_hal_pcd.o
    0x0800149c   0x0800149c   0x00000116   Code   RO         1904    i.HAL_PCD_IRQHandler  stm32f1xx_hal_pcd.o
    0x080015b2   0x080015b2   0x00000002   PAD
    0x080015b4   0x080015b4   0x000000d2   Code   RO         1907    i.HAL_PCD_Init      stm32f1xx_hal_pcd.o
    0x08001686   0x08001686   0x00000002   PAD
    0x08001688   0x08001688   0x0000004c   Code   RO         1393    i.HAL_PCD_MspInit   usbd_conf.o
    0x080016d4   0x080016d4   0x00000026   Code   RO         1394    i.HAL_PCD_ResetCallback  usbd_conf.o
    0x080016fa   0x080016fa   0x00000008   Code   RO         1395    i.HAL_PCD_ResumeCallback  usbd_conf.o
    0x08001702   0x08001702   0x00000008   Code   RO         1396    i.HAL_PCD_SOFCallback  usbd_conf.o
    0x0800170a   0x0800170a   0x00000028   Code   RO         1913    i.HAL_PCD_SetAddress  stm32f1xx_hal_pcd.o
    0x08001732   0x08001732   0x0000000e   Code   RO         1397    i.HAL_PCD_SetupStageCallback  usbd_conf.o
    0x08001740   0x08001740   0x00000032   Code   RO         1915    i.HAL_PCD_Start     stm32f1xx_hal_pcd.o
    0x08001772   0x08001772   0x00000002   PAD
    0x08001774   0x08001774   0x00000024   Code   RO         1398    i.HAL_PCD_SuspendCallback  usbd_conf.o
    0x08001798   0x08001798   0x000000ec   Code   RO         2618    i.HAL_RCCEx_PeriphCLKConfig  stm32f1xx_hal_rcc_ex.o
    0x08001884   0x08001884   0x0000012c   Code   RO         2515    i.HAL_RCC_ClockConfig  stm32f1xx_hal_rcc.o
    0x080019b0   0x080019b0   0x00000020   Code   RO         2522    i.HAL_RCC_GetPCLK1Freq  stm32f1xx_hal_rcc.o
    0x080019d0   0x080019d0   0x00000020   Code   RO         2523    i.HAL_RCC_GetPCLK2Freq  stm32f1xx_hal_rcc.o
    0x080019f0   0x080019f0   0x0000006c   Code   RO         2524    i.HAL_RCC_GetSysClockFreq  stm32f1xx_hal_rcc.o
    0x08001a5c   0x08001a5c   0x00000320   Code   RO         2527    i.HAL_RCC_OscConfig  stm32f1xx_hal_rcc.o
    0x08001d7c   0x08001d7c   0x0000007c   Code   RO         3326    i.HAL_SPI_Init      stm32f1xx_hal_spi.o
    0x08001df8   0x08001df8   0x00000070   Code   RO         1271    i.HAL_SPI_MspInit   spi.o
    0x08001e68   0x08001e68   0x00000150   Code   RO         3329    i.HAL_SPI_Receive   stm32f1xx_hal_spi.o
    0x08001fb8   0x08001fb8   0x0000015c   Code   RO         3334    i.HAL_SPI_Transmit  stm32f1xx_hal_spi.o
    0x08002114   0x08002114   0x000001e2   Code   RO         3335    i.HAL_SPI_TransmitReceive  stm32f1xx_hal_spi.o
    0x080022f6   0x080022f6   0x00000028   Code   RO         2826    i.HAL_SYSTICK_Config  stm32f1xx_hal_cortex.o
    0x0800231e   0x0800231e   0x00000062   Code   RO         3698    i.HAL_UART_Init     stm32f1xx_hal_uart.o
    0x08002380   0x08002380   0x00000070   Code   RO         1313    i.HAL_UART_MspInit  usart.o
    0x080023f0   0x080023f0   0x000000ba   Code   RO         3706    i.HAL_UART_Transmit  stm32f1xx_hal_uart.o
    0x080024aa   0x080024aa   0x00000002   Code   RO         1737    i.HardFault_Handler  stm32f1xx_it.o
    0x080024ac   0x080024ac   0x00000038   Code   RO         1597    i.IntToUnicode      usbd_desc.o
    0x080024e4   0x080024e4   0x0000001c   Code   RO         1232    i.MX_FATFS_Init     fatfs.o
    0x08002500   0x08002500   0x000000c8   Code   RO         1157    i.MX_GPIO_Init      gpio.o
    0x080025c8   0x080025c8   0x00000048   Code   RO         1272    i.MX_SPI1_Init      spi.o
    0x08002610   0x08002610   0x00000038   Code   RO         1314    i.MX_USART2_UART_Init  usart.o
    0x08002648   0x08002648   0x00000054   Code   RO         1354    i.MX_USB_DEVICE_Init  usb_device.o
    0x0800269c   0x0800269c   0x00000002   Code   RO         1738    i.MemManage_Handler  stm32f1xx_it.o
    0x0800269e   0x0800269e   0x00000002   Code   RO         1739    i.NMI_Handler       stm32f1xx_it.o
    0x080026a0   0x080026a0   0x000002c2   Code   RO         1918    i.PCD_EP_ISR_Handler  stm32f1xx_hal_pcd.o
    0x08002962   0x08002962   0x00000002   Code   RO         1740    i.PendSV_Handler    stm32f1xx_it.o
    0x08002964   0x08002964   0x00000090   Code   RO          281    i.SD_PowerOn        fatfs_sd.o
    0x080029f4   0x080029f4   0x00000020   Code   RO          282    i.SD_ReadyWait      fatfs_sd.o
    0x08002a14   0x08002a14   0x00000044   Code   RO          283    i.SD_RxDataBlock    fatfs_sd.o
    0x08002a58   0x08002a58   0x0000006e   Code   RO          284    i.SD_SendCmd        fatfs_sd.o
    0x08002ac6   0x08002ac6   0x0000005a   Code   RO          285    i.SD_TxDataBlock    fatfs_sd.o
    0x08002b20   0x08002b20   0x00000128   Code   RO          286    i.SD_disk_initialize  fatfs_sd.o
    0x08002c48   0x08002c48   0x00000140   Code   RO          287    i.SD_disk_ioctl     fatfs_sd.o
    0x08002d88   0x08002d88   0x00000098   Code   RO          288    i.SD_disk_read      fatfs_sd.o
    0x08002e20   0x08002e20   0x00000010   Code   RO          289    i.SD_disk_status    fatfs_sd.o
    0x08002e30   0x08002e30   0x000000b8   Code   RO          290    i.SD_disk_write     fatfs_sd.o
    0x08002ee8   0x08002ee8   0x0000001c   Code   RO          291    i.SELECT            fatfs_sd.o
    0x08002f04   0x08002f04   0x0000005c   Code   RO         3363    i.SPI_EndRxTransaction  stm32f1xx_hal_spi.o
    0x08002f60   0x08002f60   0x00000020   Code   RO         3364    i.SPI_EndRxTxTransaction  stm32f1xx_hal_spi.o
    0x08002f80   0x08002f80   0x0000002c   Code   RO          292    i.SPI_RxByte        fatfs_sd.o
    0x08002fac   0x08002fac   0x0000001c   Code   RO          293    i.SPI_TxBuffer      fatfs_sd.o
    0x08002fc8   0x08002fc8   0x00000020   Code   RO          294    i.SPI_TxByte        fatfs_sd.o
    0x08002fe8   0x08002fe8   0x00000094   Code   RO         3369    i.SPI_WaitFlagStateUntilTimeout  stm32f1xx_hal_spi.o
    0x0800307c   0x0800307c   0x00000002   Code   RO         1741    i.SVC_Handler       stm32f1xx_it.o
    0x0800307e   0x0800307e   0x00000002   PAD
    0x08003080   0x08003080   0x0000003c   Code   RO         1742    i.SysTick_Handler   stm32f1xx_it.o
    0x080030bc   0x080030bc   0x00000060   Code   RO         1111    i.SystemClock_Config  main.o
    0x0800311c   0x0800311c   0x00000048   Code   RO         4000    i.SystemInit        system_stm32f1xx.o
    0x08003164   0x08003164   0x000000b8   Code   RO         3724    i.UART_SetConfig    stm32f1xx_hal_uart.o
    0x0800321c   0x0800321c   0x00000064   Code   RO         3726    i.UART_WaitOnFlagUntilTimeout  stm32f1xx_hal_uart.o
    0x08003280   0x08003280   0x00000046   Code   RO         4752    i.USBD_CDC_DataIn   usbd_cdc.o
    0x080032c6   0x080032c6   0x0000002e   Code   RO         4753    i.USBD_CDC_DataOut  usbd_cdc.o
    0x080032f4   0x080032f4   0x00000044   Code   RO         4754    i.USBD_CDC_DeInit   usbd_cdc.o
    0x08003338   0x08003338   0x00000024   Code   RO         4755    i.USBD_CDC_EP0_RxReady  usbd_cdc.o
    0x0800335c   0x0800335c   0x0000000c   Code   RO         4756    i.USBD_CDC_GetDeviceQualifierDescriptor  usbd_cdc.o
    0x08003368   0x08003368   0x0000000c   Code   RO         4757    i.USBD_CDC_GetFSCfgDesc  usbd_cdc.o
    0x08003374   0x08003374   0x0000000c   Code   RO         4758    i.USBD_CDC_GetHSCfgDesc  usbd_cdc.o
    0x08003380   0x08003380   0x0000000c   Code   RO         4759    i.USBD_CDC_GetOtherSpeedCfgDesc  usbd_cdc.o
    0x0800338c   0x0800338c   0x00000094   Code   RO         4760    i.USBD_CDC_Init     usbd_cdc.o
    0x08003420   0x08003420   0x00000028   Code   RO         4761    i.USBD_CDC_ReceivePacket  usbd_cdc.o
    0x08003448   0x08003448   0x00000010   Code   RO         4762    i.USBD_CDC_RegisterInterface  usbd_cdc.o
    0x08003458   0x08003458   0x0000000c   Code   RO         4763    i.USBD_CDC_SetRxBuffer  usbd_cdc.o
    0x08003464   0x08003464   0x00000010   Code   RO         4764    i.USBD_CDC_SetTxBuffer  usbd_cdc.o
    0x08003474   0x08003474   0x000000ac   Code   RO         4765    i.USBD_CDC_Setup    usbd_cdc.o
    0x08003520   0x08003520   0x00000036   Code   RO         4766    i.USBD_CDC_TransmitPacket  usbd_cdc.o
    0x08003556   0x08003556   0x0000000e   Code   RO         4489    i.USBD_ClrClassConfig  usbd_core.o
    0x08003564   0x08003564   0x00000010   Code   RO         4692    i.USBD_CtlContinueRx  usbd_ioreq.o
    0x08003574   0x08003574   0x00000010   Code   RO         4693    i.USBD_CtlContinueSendData  usbd_ioreq.o
    0x08003584   0x08003584   0x00000016   Code   RO         4627    i.USBD_CtlError     usbd_ctlreq.o
    0x0800359a   0x0800359a   0x0000001e   Code   RO         4694    i.USBD_CtlPrepareRx  usbd_ioreq.o
    0x080035b8   0x080035b8   0x00000016   Code   RO         4695    i.USBD_CtlReceiveStatus  usbd_ioreq.o
    0x080035ce   0x080035ce   0x0000001a   Code   RO         4696    i.USBD_CtlSendData  usbd_ioreq.o
    0x080035e8   0x080035e8   0x00000016   Code   RO         4697    i.USBD_CtlSendStatus  usbd_ioreq.o
    0x080035fe   0x080035fe   0x00000002   PAD
    0x08003600   0x08003600   0x00000020   Code   RO         1598    i.USBD_FS_ConfigStrDescriptor  usbd_desc.o
    0x08003620   0x08003620   0x0000000c   Code   RO         1599    i.USBD_FS_DeviceDescriptor  usbd_desc.o
    0x0800362c   0x0800362c   0x00000024   Code   RO         1600    i.USBD_FS_InterfaceStrDescriptor  usbd_desc.o
    0x08003650   0x08003650   0x0000000c   Code   RO         1601    i.USBD_FS_LangIDStrDescriptor  usbd_desc.o
    0x0800365c   0x0800365c   0x00000028   Code   RO         1602    i.USBD_FS_ManufacturerStrDescriptor  usbd_desc.o
    0x08003684   0x08003684   0x0000002c   Code   RO         1603    i.USBD_FS_ProductStrDescriptor  usbd_desc.o
    0x080036b0   0x080036b0   0x00000038   Code   RO         1604    i.USBD_FS_SerialStrDescriptor  usbd_desc.o
    0x080036e8   0x080036e8   0x000000e8   Code   RO         4628    i.USBD_GetDescriptor  usbd_ctlreq.o
    0x080037d0   0x080037d0   0x00000048   Code   RO         4629    i.USBD_GetString    usbd_ctlreq.o
    0x08003818   0x08003818   0x00000018   Code   RO         1399    i.USBD_Get_USB_Status  usbd_conf.o
    0x08003830   0x08003830   0x0000002a   Code   RO         4491    i.USBD_Init         usbd_core.o
    0x0800385a   0x0800385a   0x00000012   Code   RO         1400    i.USBD_LL_ClearStallEP  usbd_conf.o
    0x0800386c   0x0800386c   0x00000012   Code   RO         1401    i.USBD_LL_CloseEP   usbd_conf.o
    0x0800387e   0x0800387e   0x000000c6   Code   RO         4492    i.USBD_LL_DataInStage  usbd_core.o
    0x08003944   0x08003944   0x00000082   Code   RO         4493    i.USBD_LL_DataOutStage  usbd_core.o
    0x080039c6   0x080039c6   0x00000008   Code   RO         1405    i.USBD_LL_GetRxDataSize  usbd_conf.o
    0x080039ce   0x080039ce   0x00000002   PAD
    0x080039d0   0x080039d0   0x00000080   Code   RO         1406    i.USBD_LL_Init      usbd_conf.o
    0x08003a50   0x08003a50   0x0000001c   Code   RO         1407    i.USBD_LL_IsStallEP  usbd_conf.o
    0x08003a6c   0x08003a6c   0x00000018   Code   RO         1408    i.USBD_LL_OpenEP    usbd_conf.o
    0x08003a84   0x08003a84   0x00000012   Code   RO         1409    i.USBD_LL_PrepareReceive  usbd_conf.o
    0x08003a96   0x08003a96   0x00000050   Code   RO         4498    i.USBD_LL_Reset     usbd_core.o
    0x08003ae6   0x08003ae6   0x00000014   Code   RO         4499    i.USBD_LL_Resume    usbd_core.o
    0x08003afa   0x08003afa   0x00000018   Code   RO         4500    i.USBD_LL_SOF       usbd_core.o
    0x08003b12   0x08003b12   0x00000006   Code   RO         4501    i.USBD_LL_SetSpeed  usbd_core.o
    0x08003b18   0x08003b18   0x00000012   Code   RO         1410    i.USBD_LL_SetUSBAddress  usbd_conf.o
    0x08003b2a   0x08003b2a   0x0000005a   Code   RO         4502    i.USBD_LL_SetupStage  usbd_core.o
    0x08003b84   0x08003b84   0x00000012   Code   RO         1411    i.USBD_LL_StallEP   usbd_conf.o
    0x08003b96   0x08003b96   0x00000012   Code   RO         1412    i.USBD_LL_Start     usbd_conf.o
    0x08003ba8   0x08003ba8   0x00000012   Code   RO         4503    i.USBD_LL_Suspend   usbd_core.o
    0x08003bba   0x08003bba   0x00000012   Code   RO         1414    i.USBD_LL_Transmit  usbd_conf.o
    0x08003bcc   0x08003bcc   0x00000028   Code   RO         4630    i.USBD_ParseSetupRequest  usbd_ctlreq.o
    0x08003bf4   0x08003bf4   0x00000010   Code   RO         4504    i.USBD_RegisterClass  usbd_core.o
    0x08003c04   0x08003c04   0x00000016   Code   RO         4506    i.USBD_SetClassConfig  usbd_core.o
    0x08003c1a   0x08003c1a   0x00000002   PAD
    0x08003c1c   0x08003c1c   0x00000084   Code   RO         4631    i.USBD_SetConfig    usbd_ctlreq.o
    0x08003ca0   0x08003ca0   0x0000000a   Code   RO         4507    i.USBD_Start        usbd_core.o
    0x08003caa   0x08003caa   0x00000112   Code   RO         4632    i.USBD_StdDevReq    usbd_ctlreq.o
    0x08003dbc   0x08003dbc   0x00000150   Code   RO         4633    i.USBD_StdEPReq     usbd_ctlreq.o
    0x08003f0c   0x08003f0c   0x0000004e   Code   RO         4634    i.USBD_StdItfReq    usbd_ctlreq.o
    0x08003f5a   0x08003f5a   0x00000002   Code   RO         1415    i.USBD_static_free  usbd_conf.o
    0x08003f5c   0x08003f5c   0x00000008   Code   RO         1416    i.USBD_static_malloc  usbd_conf.o
    0x08003f64   0x08003f64   0x00000266   Code   RO         2143    i.USB_ActivateEndpoint  stm32f1xx_ll_usb.o
    0x080041ca   0x080041ca   0x00000004   Code   RO         2146    i.USB_CoreInit      stm32f1xx_ll_usb.o
    0x080041ce   0x080041ce   0x0000010e   Code   RO         2148    i.USB_DeactivateEndpoint  stm32f1xx_ll_usb.o
    0x080042dc   0x080042dc   0x00000004   Code   RO         2149    i.USB_DevConnect    stm32f1xx_ll_usb.o
    0x080042e0   0x080042e0   0x00000004   Code   RO         2150    i.USB_DevDisconnect  stm32f1xx_ll_usb.o
    0x080042e4   0x080042e4   0x0000001e   Code   RO         2151    i.USB_DevInit       stm32f1xx_ll_usb.o
    0x08004302   0x08004302   0x0000000e   Code   RO         2152    i.USB_DisableGlobalInt  stm32f1xx_ll_usb.o
    0x08004310   0x08004310   0x00000004   Code   RO         2153    i.USB_EP0_OutStart  stm32f1xx_ll_usb.o
    0x08004314   0x08004314   0x00000078   Code   RO         2154    i.USB_EPClearStall  stm32f1xx_ll_usb.o
    0x0800438c   0x0800438c   0x00000032   Code   RO         2155    i.USB_EPSetStall    stm32f1xx_ll_usb.o
    0x080043be   0x080043be   0x0000019c   Code   RO         2156    i.USB_EPStartXfer   stm32f1xx_ll_usb.o
    0x0800455a   0x0800455a   0x0000000e   Code   RO         2157    i.USB_EnableGlobalInt  stm32f1xx_ll_usb.o
    0x08004568   0x08004568   0x0000000c   Code   RO         1743    i.USB_HP_CAN1_TX_IRQHandler  stm32f1xx_it.o
    0x08004574   0x08004574   0x0000000c   Code   RO         1744    i.USB_LP_CAN1_RX0_IRQHandler  stm32f1xx_it.o
    0x08004580   0x08004580   0x00000006   Code   RO         2164    i.USB_ReadInterrupts  stm32f1xx_ll_usb.o
    0x08004586   0x08004586   0x00000002   PAD
    0x08004588   0x08004588   0x0000002c   Code   RO         2165    i.USB_ReadPMA       stm32f1xx_ll_usb.o
    0x080045b4   0x080045b4   0x00000004   Code   RO         2167    i.USB_SetCurrentMode  stm32f1xx_ll_usb.o
    0x080045b8   0x080045b8   0x0000000c   Code   RO         2168    i.USB_SetDevAddress  stm32f1xx_ll_usb.o
    0x080045c4   0x080045c4   0x00000026   Code   RO         2171    i.USB_WritePMA      stm32f1xx_ll_usb.o
    0x080045ea   0x080045ea   0x00000002   PAD
    0x080045ec   0x080045ec   0x0000000c   Code   RO         1181    i.USER_initialize   user_diskio.o
    0x080045f8   0x080045f8   0x0000000c   Code   RO         1182    i.USER_ioctl        user_diskio.o
    0x08004604   0x08004604   0x00000010   Code   RO         1183    i.USER_read         user_diskio.o
    0x08004614   0x08004614   0x0000000c   Code   RO         1184    i.USER_status       user_diskio.o
    0x08004620   0x08004620   0x00000010   Code   RO         1185    i.USER_write        user_diskio.o
    0x08004630   0x08004630   0x00000002   Code   RO         1745    i.UsageFault_Handler  stm32f1xx_it.o
    0x08004632   0x08004632   0x00000002   PAD
    0x08004634   0x08004634   0x00000020   Code   RO         5075    i.__0printf$8       mc_w.l(printf8.o)
    0x08004654   0x08004654   0x00000028   Code   RO         5077    i.__0sprintf$8      mc_w.l(printf8.o)
    0x0800467c   0x0800467c   0x00000020   Code   RO         2828    i.__NVIC_SetPriority  stm32f1xx_hal_cortex.o
    0x0800469c   0x0800469c   0x0000000e   Code   RO         5171    i.__scatterload_copy  mc_w.l(handlers.o)
    0x080046aa   0x080046aa   0x00000002   Code   RO         5172    i.__scatterload_null  mc_w.l(handlers.o)
    0x080046ac   0x080046ac   0x0000000e   Code   RO         5173    i.__scatterload_zeroinit  mc_w.l(handlers.o)
    0x080046ba   0x080046ba   0x0000002c   Code   RO          581    i._delay            user_i2c.o
    0x080046e6   0x080046e6   0x00000002   PAD
    0x080046e8   0x080046e8   0x00000404   Code   RO         5082    i._printf_core      mc_w.l(printf8.o)
    0x08004aec   0x08004aec   0x00000024   Code   RO         5083    i._printf_post_padding  mc_w.l(printf8.o)
    0x08004b10   0x08004b10   0x0000002e   Code   RO         5084    i._printf_pre_padding  mc_w.l(printf8.o)
    0x08004b3e   0x08004b3e   0x00000016   Code   RO          964    i._protocol_check_sum8  protocol.o
    0x08004b54   0x08004b54   0x0000000a   Code   RO          965    i._protocol_rx_reset  protocol.o
    0x08004b5e   0x08004b5e   0x000000c4   Code   RO          966    i._protocol_rx_unpack  protocol.o
    0x08004c22   0x08004c22   0x0000000a   Code   RO         5086    i._sputc            mc_w.l(printf8.o)
    0x08004c2c   0x08004c2c   0x00000024   Code   RO          677    i.button_scan       button_app.o
    0x08004c50   0x08004c50   0x00000078   Code   RO         4092    i.check_fs          ff.o
    0x08004cc8   0x08004cc8   0x00000064   Code   RO         4093    i.chk_lock          ff.o
    0x08004d2c   0x08004d2c   0x00000024   Code   RO         4094    i.clear_lock        ff.o
    0x08004d50   0x08004d50   0x0000002a   Code   RO         4095    i.clmt_clust        ff.o
    0x08004d7a   0x08004d7a   0x00000002   PAD
    0x08004d7c   0x08004d7c   0x00000048   Code   RO         1050    i.close_file        user_fs.o
    0x08004dc4   0x08004dc4   0x0000001c   Code   RO         4096    i.clust2sect        ff.o
    0x08004de0   0x08004de0   0x0000002c   Code   RO          730    i.cmd_pro_init      cmd_pro.o
    0x08004e0c   0x08004e0c   0x00000010   Code   RO          731    i.cmd_pro_resp      cmd_pro.o
    0x08004e1c   0x08004e1c   0x000004e8   Code   RO          732    i.cmd_pro_task      cmd_pro.o
    0x08005304   0x08005304   0x00000064   Code   RO         1051    i.creat_file        user_fs.o
    0x08005368   0x08005368   0x000000a4   Code   RO         4097    i.create_chain      ff.o
    0x0800540c   0x0800540c   0x000000fc   Code   RO         4098    i.create_name       ff.o
    0x08005508   0x08005508   0x0000003c   Code   RO         4099    i.dec_lock          ff.o
    0x08005544   0x08005544   0x0000011c   Code   RO         4100    i.dir_next          ff.o
    0x08005660   0x08005660   0x0000005c   Code   RO         4101    i.dir_read          ff.o
    0x080056bc   0x080056bc   0x00000068   Code   RO         4102    i.dir_register      ff.o
    0x08005724   0x08005724   0x0000009a   Code   RO         4104    i.dir_sdi           ff.o
    0x080057be   0x080057be   0x00000002   PAD
    0x080057c0   0x080057c0   0x00000028   Code   RO         4037    i.disk_initialize   diskio.o
    0x080057e8   0x080057e8   0x0000001c   Code   RO         4038    i.disk_ioctl        diskio.o
    0x08005804   0x08005804   0x0000001c   Code   RO         4039    i.disk_read         diskio.o
    0x08005820   0x08005820   0x00000018   Code   RO         4040    i.disk_status       diskio.o
    0x08005838   0x08005838   0x0000001c   Code   RO         4041    i.disk_write        diskio.o
    0x08005854   0x08005854   0x00000026   Code   RO         4106    i.f_close           ff.o
    0x0800587a   0x0800587a   0x00000020   Code   RO         4107    i.f_closedir        ff.o
    0x0800589a   0x0800589a   0x000001ea   Code   RO         4110    i.f_lseek           ff.o
    0x08005a84   0x08005a84   0x00000580   Code   RO         4112    i.f_mkfs            ff.o
    0x08006004   0x08006004   0x00000064   Code   RO         4113    i.f_mount           ff.o
    0x08006068   0x08006068   0x000001a4   Code   RO         4114    i.f_open            ff.o
    0x0800620c   0x0800620c   0x00000084   Code   RO         4115    i.f_opendir         ff.o
    0x08006290   0x08006290   0x00000164   Code   RO         4119    i.f_read            ff.o
    0x080063f4   0x080063f4   0x0000004e   Code   RO         4120    i.f_readdir         ff.o
    0x08006442   0x08006442   0x0000007c   Code   RO         4123    i.f_sync            ff.o
    0x080064be   0x080064be   0x000001c8   Code   RO         4127    i.f_write           ff.o
    0x08006686   0x08006686   0x00000002   PAD
    0x08006688   0x08006688   0x000002dc   Code   RO         4128    i.find_volume       ff.o
    0x08006964   0x08006964   0x00000180   Code   RO          926    i.flex_button_process  flexible_button.o
    0x08006ae4   0x08006ae4   0x0000004c   Code   RO          927    i.flex_button_read  flexible_button.o
    0x08006b30   0x08006b30   0x0000004c   Code   RO          928    i.flex_button_register  flexible_button.o
    0x08006b7c   0x08006b7c   0x0000000e   Code   RO          929    i.flex_button_scan  flexible_button.o
    0x08006b8a   0x08006b8a   0x000000aa   Code   RO         4129    i.follow_path       ff.o
    0x08006c34   0x08006c34   0x00000018   Code   RO          823    i.fputc             debug.o
    0x08006c4c   0x08006c4c   0x00000080   Code   RO          390    i.fs_hw_adptor_registor  fs_hw_adaptor.o
    0x08006ccc   0x08006ccc   0x000000f0   Code   RO         4130    i.get_fat           ff.o
    0x08006dbc   0x08006dbc   0x00000004   Code   RO         1233    i.get_fattime       fatfs.o
    0x08006dc0   0x08006dc0   0x00000056   Code   RO         4131    i.get_fileinfo      ff.o
    0x08006e16   0x08006e16   0x0000003c   Code   RO         4132    i.get_ldnumber      ff.o
    0x08006e52   0x08006e52   0x00000002   PAD
    0x08006e54   0x08006e54   0x00000010   Code   RO          530    i.i2c_device_read_bytes  i2c_device.o
    0x08006e64   0x08006e64   0x0000000c   Code   RO          531    i.i2c_device_set_addr  i2c_device.o
    0x08006e70   0x08006e70   0x00000044   Code   RO          532    i.i2c_device_write_bytes  i2c_device.o
    0x08006eb4   0x08006eb4   0x00000026   Code   RO          582    i.i2c_get_multiple_data  user_i2c.o
    0x08006eda   0x08006eda   0x0000004c   Code   RO          583    i.i2c_receive       user_i2c.o
    0x08006f26   0x08006f26   0x00000002   PAD
    0x08006f28   0x08006f28   0x000000a0   Code   RO          584    i.i2c_receive_byte  user_i2c.o
    0x08006fc8   0x08006fc8   0x00000038   Code   RO          585    i.i2c_send          user_i2c.o
    0x08007000   0x08007000   0x000000a8   Code   RO          586    i.i2c_send_byte     user_i2c.o
    0x080070a8   0x080070a8   0x00000058   Code   RO          587    i.i2c_send_multiple_data  user_i2c.o
    0x08007100   0x08007100   0x00000088   Code   RO          588    i.i2c_start_condition  user_i2c.o
    0x08007188   0x08007188   0x00000044   Code   RO          589    i.i2c_stop_condition  user_i2c.o
    0x080071cc   0x080071cc   0x00000098   Code   RO         4133    i.inc_lock          ff.o
    0x08007264   0x08007264   0x00000016   Code   RO         4134    i.ld_clust          ff.o
    0x0800727a   0x0800727a   0x00000002   PAD
    0x0800727c   0x0800727c   0x00000044   Code   RO         1112    i.main              main.o
    0x080072c0   0x080072c0   0x00000012   Code   RO         4135    i.mem_cpy           ff.o
    0x080072d2   0x080072d2   0x0000000e   Code   RO         4136    i.mem_set           ff.o
    0x080072e0   0x080072e0   0x00000038   Code   RO         4137    i.move_window       ff.o
    0x08007318   0x08007318   0x00000048   Code   RO          824    i.print_array       debug.o
    0x08007360   0x08007360   0x0000011c   Code   RO         4138    i.put_fat           ff.o
    0x0800747c   0x0800747c   0x00000060   Code   RO         1053    i.read_file         user_fs.o
    0x080074dc   0x080074dc   0x00000066   Code   RO         4140    i.remove_chain      ff.o
    0x08007542   0x08007542   0x00000002   PAD
    0x08007544   0x08007544   0x00000100   Code   RO         1054    i.scan_files        user_fs.o
    0x08007644   0x08007644   0x00000020   Code   RO          590    i.set_i2c_sda_in    user_i2c.o
    0x08007664   0x08007664   0x00000020   Code   RO          591    i.set_i2c_sda_out   user_i2c.o
    0x08007684   0x08007684   0x0000000c   Code   RO          858    i.spi_device_power_down_get  device_mid.o
    0x08007690   0x08007690   0x0000000c   Code   RO          859    i.spi_device_power_down_set  device_mid.o
    0x0800769c   0x0800769c   0x00000060   Code   RO          860    i.spi_device_register  device_mid.o
    0x080076fc   0x080076fc   0x00000010   Code   RO         4141    i.st_clust          ff.o
    0x0800770c   0x0800770c   0x000000a8   Code   RO         4142    i.sync_fs           ff.o
    0x080077b4   0x080077b4   0x00000052   Code   RO         4143    i.sync_window       ff.o
    0x08007806   0x08007806   0x00000002   PAD
    0x08007808   0x08007808   0x0000024c   Code   RO          678    i.user_button_0_cb  button_app.o
    0x08007a54   0x08007a54   0x00000010   Code   RO          679    i.user_button_0_read  button_app.o
    0x08007a64   0x08007a64   0x00000034   Code   RO          680    i.user_button_init  button_app.o
    0x08007a98   0x08007a98   0x00000014   Code   RO          967    i.user_protocol_fetch_rx_data  protocol.o
    0x08007aac   0x08007aac   0x00000014   Code   RO          968    i.user_protocol_init  protocol.o
    0x08007ac0   0x08007ac0   0x00000004   Code   RO          969    i.user_protocol_rx_feed  protocol.o
    0x08007ac4   0x08007ac4   0x00000040   Code   RO          970    i.user_protocol_transmit  protocol.o
    0x08007b04   0x08007b04   0x00000026   Code   RO         4144    i.validate          ff.o
    0x08007b2a   0x08007b2a   0x00000002   PAD
    0x08007b2c   0x08007b2c   0x00000040   Code   RO         1056    i.write_file        user_fs.o
    0x08007b6c   0x08007b6c   0x00000010   Data   RO          682    .constdata          button_app.o
    0x08007b7c   0x08007b7c   0x00000010   Data   RO         4001    .constdata          system_stm32f1xx.o
    0x08007b8c   0x08007b8c   0x00000008   Data   RO         4002    .constdata          system_stm32f1xx.o
    0x08007b94   0x08007b94   0x000000ac   Data   RO         4146    .constdata          ff.o
    0x08007c40   0x08007c40   0x00000020   Data   RO         5169    Region$$Table       anon$$obj.o


    Execution Region RW_IRAM1 (Exec base: 0x20000000, Load base: 0x08007c60, Size: 0x000030e8, Max: 0x00005000, ABSOLUTE, COMPRESSED[0x00000134])

    Exec Addr    Load Addr    Size         Type   Attr      Idx    E Section Name        Object

    0x20000000   COMPRESSED   0x00000008   Data   RW          295    .data               fatfs_sd.o
    0x20000008   COMPRESSED   0x00000014   Data   RW          391    .data               fs_hw_adaptor.o
    0x2000001c   COMPRESSED   0x00000001   Data   RW          533    .data               i2c_device.o
    0x2000001d   COMPRESSED   0x00000003   PAD
    0x20000020   COMPRESSED   0x00000004   Data   RW          683    .data               button_app.o
    0x20000024   COMPRESSED   0x00000004   Data   RW          734    .data               cmd_pro.o
    0x20000028   COMPRESSED   0x0000005c   Data   RW          861    .data               device_mid.o
    0x20000084   COMPRESSED   0x0000000c   Data   RW          930    .data               flexible_button.o
    0x20000090   COMPRESSED   0x00000014   Data   RW         1186    .data               user_diskio.o
    0x200000a4   COMPRESSED   0x00000005   Data   RW         1236    .data               fatfs.o
    0x200000a9   COMPRESSED   0x00000003   PAD
    0x200000ac   COMPRESSED   0x0000001c   Data   RW         1606    .data               usbd_desc.o
    0x200000c8   COMPRESSED   0x00000032   Data   RW         1607    .data               usbd_desc.o
    0x200000fa   COMPRESSED   0x00000002   PAD
    0x200000fc   COMPRESSED   0x00000010   Data   RW         1689    .data               usbd_cdc_if.o
    0x2000010c   COMPRESSED   0x00000002   Data   RW         1746    .data               stm32f1xx_it.o
    0x2000010e   COMPRESSED   0x00000002   PAD
    0x20000110   COMPRESSED   0x0000000c   Data   RW         2365    .data               stm32f1xx_hal.o
    0x2000011c   COMPRESSED   0x00000004   Data   RW         4003    .data               system_stm32f1xx.o
    0x20000120   COMPRESSED   0x00000008   Data   RW         4147    .data               ff.o
    0x20000128   COMPRESSED   0x00000001   Data   RW         4635    .data               usbd_ctlreq.o
    0x20000129   COMPRESSED   0x00000003   PAD
    0x2000012c   COMPRESSED   0x000000d7   Data   RW         4767    .data               usbd_cdc.o
    0x20000203   COMPRESSED   0x00000001   PAD
    0x20000204   COMPRESSED   0x00000038   Data   RW         4768    .data               usbd_cdc.o
    0x2000023c   COMPRESSED   0x00000004   Data   RW         5145    .data               mc_w.l(stdout.o)
    0x20000240        -       0x0000001c   Zero   RW          681    .bss                button_app.o
    0x2000025c        -       0x00000020   Zero   RW          733    .bss                cmd_pro.o
    0x2000027c        -       0x00000800   Zero   RW          971    .bss                protocol.o
    0x20000a7c        -       0x00001030   Zero   RW         1234    .bss                fatfs.o
    0x20001aac        -       0x0000002c   Zero   RW         1235    .bss                fatfs.o
    0x20001ad8        -       0x00000058   Zero   RW         1273    .bss                spi.o
    0x20001b30        -       0x00000040   Zero   RW         1315    .bss                usart.o
    0x20001b70        -       0x000002c4   Zero   RW         1355    .bss                usb_device.o
    0x20001e34        -       0x0000048c   Zero   RW         1417    .bss                usbd_conf.o
    0x200022c0        -       0x00000200   Zero   RW         1605    .bss                usbd_desc.o
    0x200024c0        -       0x00000800   Zero   RW         1688    .bss                usbd_cdc_if.o
    0x20002cc0        -       0x00000018   Zero   RW         4145    .bss                ff.o
    0x20002cd8        -       0x0000000c   Zero   RW         4413    .bss                ff_gen_drv.o
    0x20002ce4   COMPRESSED   0x00000004   PAD
    0x20002ce8        -       0x00000400   Zero   RW            1    STACK               startup_stm32f103xe.o


==============================================================================

Image component sizes


      Code (inc. data)   RO Data    RW Data    ZI Data      Debug   Object Name

       692        422         16          4         28       3801   button_app.o
      1316        528          0          4         32      13448   cmd_pro.o
        96         16          0          0          0       1530   debug.o
       314         78          0         92          0       6380   device_mid.o
       148         22          0          0          0       3701   diskio.o
       916        140          0          0          0       6616   en25fxx.o
        32         10          0          5       4188       1520   fatfs.o
      1572         74          0          8          0      12501   fatfs_sd.o
      7310        134        172          8         24      39726   ff.o
        70          4          0          0         12       1635   ff_gen_drv.o
       550         22          0         12          0       3514   flexible_button.o
       128         64          0         20          0       4309   fs_hw_adaptor.o
       200         18          0          0          0        995   gpio.o
        96         16          0          1          0       3831   i2c_device.o
       166         14          0          0          0       1980   main.o
       916        140          0          0          0     418332   p25q80.o
       336         10          0          0       2048       5008   protocol.o
       184         24          0          0         88       1681   spi.o
        36          8        304          0       1024        816   startup_stm32f103xe.o
       164         28          0         12          0       6029   stm32f1xx_hal.o
       198         14          0          0          0      29063   stm32f1xx_hal_cortex.o
       500         34          0          0          0       3591   stm32f1xx_hal_gpio.o
        60          8          0          0          0        886   stm32f1xx_hal_msp.o
      1744          0          0          0          0      10581   stm32f1xx_hal_pcd.o
        52          0          0          0          0       1214   stm32f1xx_hal_pcd_ex.o
      1272        100          0          0          0       5304   stm32f1xx_hal_rcc.o
       236         12          0          0          0       1416   stm32f1xx_hal_rcc_ex.o
      1562          0          0          0          0       8106   stm32f1xx_hal_spi.o
       568          6          0          0          0       4016   stm32f1xx_hal_uart.o
       100         26          0          2          0       5550   stm32f1xx_it.o
      1644          0          0          0          0      14857   stm32f1xx_ll_usb.o
        72         16         24          4          0       1207   system_stm32f1xx.o
       168         22          0          0         64       1710   usart.o
        84         18          0          0        708        792   usb_device.o
       726         16          0        271          0      13374   usbd_cdc.o
       132         26          0         16       2048       3400   usbd_cdc_if.o
       560         30          0          0       1164      13917   usbd_conf.o
       670          0          0          0          0       9715   usbd_core.o
      1186         28          0          1          0       8084   usbd_ctlreq.o
       288        104          0         78        512       5837   usbd_desc.o
       132          0          0          0          0       4456   usbd_ioreq.o
        68         26          0         20          0       3500   user_diskio.o
       588        160          0          0          0       4136   user_fs.o
       898         28          0          0          0       8432   user_i2c.o
       880        110          0          0          0       6584   w25qxx.o

    ----------------------------------------------------------------------
     29678       2556        548        572      11944     707081   Object Totals
         0          0         32          0          0          0   (incl. Generated)
        48          0          0         14          4          0   (incl. Padding)

    ----------------------------------------------------------------------

      Code (inc. data)   RO Data    RW Data    ZI Data      Debug   Library Member Name

        86          0          0          0          0          0   __dczerorl2.o
         0          0          0          0          0          0   entry.o
         0          0          0          0          0          0   entry10a.o
         0          0          0          0          0          0   entry11a.o
         4          0          0          0          0          0   entry12b.o
         8          4          0          0          0          0   entry2.o
         4          0          0          0          0          0   entry5.o
         0          0          0          0          0          0   entry7b.o
         0          0          0          0          0          0   entry8b.o
         8          4          0          0          0          0   entry9a.o
        30          0          0          0          0          0   handlers.o
        36          8          0          0          0         68   init.o
        30          0          0          0          0         68   llshl.o
        32          0          0          0          0         68   llushr.o
        36          0          0          0          0         68   memcpya.o
        36          0          0          0          0        108   memseta.o
      1192         60          0          0          0        504   printf8.o
         0          0          0          4          0          0   stdout.o
        14          0          0          0          0         68   strlen.o
        98          0          0          0          0         92   uldiv.o

    ----------------------------------------------------------------------
      1614         76          0          4          0       1044   Library Totals
         0          0          0          0          0          0   (incl. Padding)

    ----------------------------------------------------------------------

      Code (inc. data)   RO Data    RW Data    ZI Data      Debug   Library Name

      1614         76          0          4          0       1044   mc_w.l

    ----------------------------------------------------------------------
      1614         76          0          4          0       1044   Library Totals

    ----------------------------------------------------------------------

==============================================================================


      Code (inc. data)   RO Data    RW Data    ZI Data      Debug   

     31292       2632        548        576      11944     692341   Grand Totals
     31292       2632        548        308      11944     692341   ELF Image Totals (compressed)
     31292       2632        548        308          0          0   ROM Totals

==============================================================================

    Total RO  Size (Code + RO Data)                31840 (  31.09kB)
    Total RW  Size (RW Data + ZI Data)             12520 (  12.23kB)
    Total ROM Size (Code + RO Data + RW Data)      32148 (  31.39kB)

==============================================================================

